 dynamorio

 Timestamp is 5e3bad78 (Thu Feb 06 06:08:56 2020)

 Preferred load address is 71000000

 Start         Length     Name                   Class
 0001:00000000 000acadcH .text$mn                CODE
 0002:00000000 00000208H .idata$5                DATA
 0002:00000210 00053b36H .rdata                  DATA
 0002:00053d50 000064d8H .edata                  DATA
 0002:0005a228 0000008cH .rdata$debug            DATA
 0002:0005a2b4 00000014H .idata$2                DATA
 0002:0005a2c8 00000014H .idata$3                DATA
 0002:0005a2dc 00000208H .idata$4                DATA
 0002:0005a4e4 000009a4H .idata$6                DATA
 0003:00000000 0000bd60H .data                   DATA
 0003:0000c000 00030b94H .bss                    DATA
 0004:00000000 00000204H .cspdata                DATA
 0005:00000000 000008e0H .fspdata                DATA
 0006:00000000 00004854H .nspdata                DATA
 0007:00000000 000000a0H .rsrc$01                DATA
 0007:000000a0 00003698H .rsrc$02                DATA

  Address         Publics by Value              Rva+Base       Lib:Object

 0000:00000000       ___safe_se_handler_table   00000000     <absolute>
 0000:00000000       ___guard_fids_table        00000000     <absolute>
 0000:00000000       ___safe_se_handler_count   00000000     <absolute>
 0000:00000000       ___guard_fids_count        00000000     <absolute>
 0000:00000000       ___guard_flags             00000000     <absolute>
 0001:00000110       _check_list_default_and_append 71001110 f   options.c.obj
 0001:00000bb0       _check_param_bounds        71001bb0 f   options.c.obj
 0001:00000c70       _d_r_parse_word            71001c70 f   options.c.obj
 0001:00000d40       _dr_get_integer_option     71001d40 f   options.c.obj
 0001:00000de0       _dr_get_string_option      71001de0 f   options.c.obj
 0001:00000ea0       _get_dynamo_options_string 71001ea0 f   options.c.obj
 0001:00000f60       _get_pcache_dynamo_options_string 71001f60 f   options.c.obj
 0001:00001050       _get_process_options       71002050 f   options.c.obj
 0001:00001210       _has_pcache_dynamo_options 71002210 f   options.c.obj
 0001:000012e0       _instr_get_next            710022e0 f i options.c.obj
 0001:000012f0       _instr_get_next_app        710022f0 f i options.c.obj
 0001:00001320       _instr_get_note            71002320 f i options.c.obj
 0001:00001330       _instr_get_prev            71002330 f i options.c.obj
 0001:00001340       _instr_get_prev_app        71002340 f i options.c.obj
 0001:00001370       _instr_has_allocated_bits  71002370 f i options.c.obj
 0001:00001380       _instr_is_meta             71002380 f i options.c.obj
 0001:00001390       _instr_needs_encoding      71002390 f i options.c.obj
 0001:000013a0       _instr_num_dsts            710023a0 f i options.c.obj
 0001:000013c0       _instr_num_srcs            710023c0 f i options.c.obj
 0001:000013e0       _instr_ok_to_emit          710023e0 f i options.c.obj
 0001:000013f0       _instr_ok_to_mangle        710023f0 f i options.c.obj
 0001:000013f0       _instr_is_app              710023f0 f i options.c.obj
 0001:00001400       _instr_operands_valid      71002400 f i options.c.obj
 0001:00001410       _instr_raw_bits_valid      71002410 f i options.c.obj
 0001:00001420       _instr_set_next            71002420 f i options.c.obj
 0001:00001430       _instr_set_note            71002430 f i options.c.obj
 0001:00001440       _instr_set_prev            71002440 f i options.c.obj
 0001:00001450       _opnd_create_pc            71002450 f i options.c.obj
 0001:00001460       _opnd_create_reg           71002460 f i options.c.obj
 0001:00001480       _opnd_create_reg_ex        71002480 f i options.c.obj
 0001:000014c0       _opnd_create_reg_partial   710024c0 f i options.c.obj
 0001:000014e0       _opnd_is_immed             710024e0 f i options.c.obj
 0001:00001500       _opnd_is_instr             71002500 f i options.c.obj
 0001:00001520       _opnd_is_near_base_disp    71002520 f i options.c.obj
 0001:00001540       _opnd_is_pc                71002540 f i options.c.obj
 0001:00001560       _options_enable_code_api_dependences 71002560 f   options.c.obj
 0001:000015d0       _options_exit              710025d0 f   options.c.obj
 0001:000015e0       _options_init              710025e0 f   options.c.obj
 0001:00001640       _options_make_writable     71002640 f   options.c.obj
 0001:00001670       _options_restore_readonly  71002670 f   options.c.obj
 0001:000026a0       _synchronize_dynamic_options 710036a0 f   options.c.obj
 0001:00002870       _add_thread                71003870 f   dynamo.c.obj
 0001:00002970       _create_callback_dcontext  71003970 f   dynamo.c.obj
 0001:00002b10       _create_new_dynamo_context 71003b10 f   dynamo.c.obj
 0001:00002be0       _d_r_get_num_threads       71003be0 f   dynamo.c.obj
 0001:00002d20       _dr_app_cleanup            71003d20 f   dynamo.c.obj
 0001:00002e20       _dr_app_setup              71003e20 f   dynamo.c.obj
 0001:00002e50       _dr_app_setup_and_start    71003e50 f   dynamo.c.obj
 0001:00002e90       _dr_app_start_helper       71003e90 f   dynamo.c.obj
 0001:00002ed0       _dr_app_stop_and_cleanup   71003ed0 f   dynamo.c.obj
 0001:00002ee0       _dr_app_stop_and_cleanup_with_stats 71003ee0 f   dynamo.c.obj
 0001:00002f10       _dynamo_exit_post_detach   71003f10 f   dynamo.c.obj
 0001:00002f70       _dynamo_other_thread_exit  71003f70 f   dynamo.c.obj
 0001:00003250       _dynamo_process_exit       71004250 f   dynamo.c.obj
 0001:00003590       _dynamo_process_exit_with_thread_info 71004590 f   dynamo.c.obj
 0001:000035a0       _dynamo_shared_exit        710045a0 f   dynamo.c.obj
 0001:00003840       _dynamo_thread_exit        71004840 f   dynamo.c.obj
 0001:00003a70       _dynamo_thread_exit_pre_client 71004a70 f   dynamo.c.obj
 0001:00003aa0       _dynamo_thread_init        71004aa0 f   dynamo.c.obj
 0001:00003d30       _dynamo_thread_not_under_dynamo 71004d30 f   dynamo.c.obj
 0001:00003d50       _dynamo_thread_stack_free_and_exit 71004d50 f   dynamo.c.obj
 0001:00003da0       _dynamo_thread_under_dynamo 71004da0 f   dynamo.c.obj
 0001:00003dc0       _dynamorio_app_exit        71004dc0 f   dynamo.c.obj
 0001:00003dd0       _dynamorio_app_init        71004dd0 f   dynamo.c.obj
 0001:00004110       _dynamorio_app_init_and_early_takeover 71005110 f   dynamo.c.obj
 0001:00004140       _dynamorio_app_take_over_helper 71005140 f   dynamo.c.obj
 0001:000042c0       _dynamorio_earliest_init_takeover_C 710052c0 f   dynamo.c.obj
 0001:00004470       _dynamorio_take_over_threads 71005470 f   dynamo.c.obj
 0001:00004780       _entering_dynamorio        71005780 f   dynamo.c.obj
 0001:000047b0       _exiting_dynamorio         710057b0 f   dynamo.c.obj
 0001:000047f0       _get_dr_stats              710057f0 f   dynamo.c.obj
 0001:00004800       _get_list_of_threads       71005800 f   dynamo.c.obj
 0001:000048a0       _get_thread_num            710058a0 f   dynamo.c.obj
 0001:000048c0       _initialize_dynamo_context 710058c0 f   dynamo.c.obj
 0001:000049a0       _is_currently_on_dstack    710059a0 f   dynamo.c.obj
 0001:000049d0       _is_last_app_thread        710059d0 f   dynamo.c.obj
 0001:000049f0       _is_on_dstack              710059f0 f   dynamo.c.obj
 0001:00004a20       _is_on_initstack           71005a20 f   dynamo.c.obj
 0001:00004a40       _is_thread_initialized     71005a40 f   dynamo.c.obj
 0001:00004a50       _is_thread_known           71005a50 f   dynamo.c.obj
 0001:00004a70       _pre_second_thread         71005a70 f   dynamo.c.obj
 0001:00004b50       _protect_data_section      71005b50 f   dynamo.c.obj
 0001:00004ca0       _remove_thread             71005ca0 f   dynamo.c.obj
 0001:00004d40       _standalone_exit           71005d40 f   dynamo.c.obj
 0001:00004d90       _standalone_init           71005d90 f   dynamo.c.obj
 0001:00005530       _thread_lookup             71006530 f   dynamo.c.obj
 0001:00005830       _coarse_is_trace_head_in_own_unit 71006830 f   fragment.c.obj
 0001:00005be0       _enter_couldbelinking      71006be0 f   fragment.c.obj
 0001:00005c40       _enter_nolinking           71006c40 f   fragment.c.obj
 0001:00005d80       _enter_threadexit          71006d80 f   fragment.c.obj
 0001:00005df0       _flush_fragments_and_remove_region 71006df0 f   fragment.c.obj
 0001:00005e30       _flush_fragments_end_synch 71006e30 f   fragment.c.obj
 0001:00006010       _flush_fragments_from_region 71007010 f   fragment.c.obj
 0001:00006040       _flush_fragments_in_region_finish 71007040 f   fragment.c.obj
 0001:00006200       _flush_fragments_in_region_start 71007200 f   fragment.c.obj
 0001:00006430       _flush_fragments_synch_priv 71007430 f   fragment.c.obj
 0001:00006590       _flush_fragments_synch_unlink_priv 71007590 f   fragment.c.obj
 0001:00006c00       _flush_fragments_unlink_shared 71007c00 f   fragment.c.obj
 0001:00006cd0       _flush_invalidate_ibl_shared_target 71007cd0 f   fragment.c.obj
 0001:00006d40       _fragment_add              71007d40 f   fragment.c.obj
 0001:00006de0       _fragment_add_ibl_target   71007de0 f   fragment.c.obj
 0001:00007030       _fragment_body_end_pc      71008030 f   fragment.c.obj
 0001:000071b0       _fragment_coarse_add       710081b0 f   fragment.c.obj
 0001:00007200       _fragment_coarse_create_entry_pclookup_table 71008200 f   fragment.c.obj
 0001:000074e0       _fragment_coarse_entry_pclookup 710084e0 f   fragment.c.obj
 0001:00007830       _fragment_coarse_free_entry_pclookup_table 71008830 f   fragment.c.obj
 0001:00007860       _fragment_coarse_htable_create 71008860 f   fragment.c.obj
 0001:00007960       _fragment_coarse_htable_free 71008960 f   fragment.c.obj
 0001:000079d0       _fragment_coarse_htable_merge 710089d0 f   fragment.c.obj
 0001:00007b70       _fragment_coarse_htable_persist 71008b70 f   fragment.c.obj
 0001:00007bc0       _fragment_coarse_htable_persist_size 71008bc0 f   fragment.c.obj
 0001:00007bf0       _fragment_coarse_htable_resurrect 71008bf0 f   fragment.c.obj
 0001:00007c30       _fragment_coarse_lookup    71008c30 f   fragment.c.obj
 0001:00007d20       _fragment_coarse_lookup_in_unit 71008d20 f   fragment.c.obj
 0001:00007e00       _fragment_coarse_lookup_wrapper 71008e00 f   fragment.c.obj
 0001:00007e40       _fragment_coarse_num_entries 71008e40 f   fragment.c.obj
 0001:00007e50       _fragment_coarse_pclookup  71008e50 f   fragment.c.obj
 0001:000083b0       _fragment_coarse_replace   710093b0 f   fragment.c.obj
 0001:00008430       _fragment_coarse_th_add    71009430 f   fragment.c.obj
 0001:000084d0       _fragment_coarse_th_unlink_and_add 710094d0 f   fragment.c.obj
 0001:00008560       _fragment_coarse_unit_freeze 71009560 f   fragment.c.obj
 0001:00008760       _fragment_coarse_wrapper   71009760 f   fragment.c.obj
 0001:00008790       _fragment_copy_data_fields 71009790 f   fragment.c.obj
 0001:00008800       _fragment_create           71009800 f   fragment.c.obj
 0001:00008910       _fragment_create_and_add_future 71009910 f   fragment.c.obj
 0001:00008aa0       _fragment_delete           71009aa0 f   fragment.c.obj
 0001:00008ca0       _fragment_delete_future    71009ca0 f   fragment.c.obj
 0001:00008ed0       _fragment_exit             71009ed0 f   fragment.c.obj
 0001:00009160       _fragment_exit_post_sideline 7100a160 f   fragment.c.obj
 0001:00009170       _fragment_free             7100a170 f   fragment.c.obj
 0001:000093a0       _fragment_get_fragment_delete_mutex 7100a3a0 f   fragment.c.obj
 0001:000093d0       _fragment_init             7100a3d0 f   fragment.c.obj
 0001:000095c0       _fragment_initialized      7100a5c0 f   fragment.c.obj
 0001:000095e0       _fragment_lookup           7100a5e0 f   fragment.c.obj
 0001:000096e0       _fragment_lookup_bb        7100a6e0 f   fragment.c.obj
 0001:00009760       _fragment_lookup_fine_and_coarse 7100a760 f   fragment.c.obj
 0001:000097d0       _fragment_lookup_fine_and_coarse_sharing 7100a7d0 f   fragment.c.obj
 0001:00009840       _fragment_lookup_future    7100a840 f   fragment.c.obj
 0001:00009930       _fragment_lookup_private_future 7100a930 f   fragment.c.obj
 0001:00009960       _fragment_lookup_same_sharing 7100a960 f   fragment.c.obj
 0001:00009980       _fragment_lookup_shared_bb 7100a980 f   fragment.c.obj
 0001:000099d0       _fragment_lookup_trace     7100a9d0 f   fragment.c.obj
 0001:00009b80       _fragment_output           7100ab80 f   fragment.c.obj
 0001:00009bf0       _fragment_overlaps         7100abf0 f   fragment.c.obj
 0001:00009cc0       _fragment_pclookup         7100acc0 f   fragment.c.obj
 0001:00009cd0       _fragment_pclookup_with_linkstubs 7100acd0 f   fragment.c.obj
 0001:00009d20       _fragment_prepare_for_removal 7100ad20 f   fragment.c.obj
 0001:00009f40       _fragment_record_translation_info 7100af40 f   fragment.c.obj
 0001:00009fd0       _fragment_recreate_with_linkstubs 7100afd0 f   fragment.c.obj
 0001:0000a1b0       _fragment_release_fragment_delete_mutex 7100b1b0 f   fragment.c.obj
 0001:0000a1e0       _fragment_remove           7100b1e0 f   fragment.c.obj
 0001:0000a2f0       _fragment_remove_all_ibl_in_region 7100b2f0 f   fragment.c.obj
 0001:0000a370       _fragment_remove_from_ibt_tables 7100b370 f   fragment.c.obj
 0001:0000a670       _fragment_remove_shared_no_flush 7100b670 f   fragment.c.obj
 0001:0000a780       _fragment_replace          7100b780 f   fragment.c.obj
 0001:0000a980       _fragment_reset_free       7100b980 f   fragment.c.obj
 0001:0000ab80       _fragment_reset_init       7100bb80 f   fragment.c.obj
 0001:0000ad20       _fragment_self_write       7100bd20 f   fragment.c.obj
 0001:0000adb0       _fragment_shift_fcache_pointers 7100bdb0 f   fragment.c.obj
 0001:0000af60       _fragment_stubs_end_pc     7100bf60 f   fragment.c.obj
 0001:0000af90       _fragment_thread_exit      7100bf90 f   fragment.c.obj
 0001:0000b110       _fragment_thread_exited    7100c110 f   fragment.c.obj
 0001:0000b130       _fragment_thread_init      7100c130 f   fragment.c.obj
 0001:0000b230       _fragment_thread_reset_free 7100c230 f   fragment.c.obj
 0001:0000b290       _fragment_thread_reset_init 7100c290 f   fragment.c.obj
 0001:0000b6c0       _fragment_unlink_for_deletion 7100c6c0 f   fragment.c.obj
 0001:0000b730       _get_at_syscall            7100c730 f   fragment.c.obj
 0001:0000b750       _get_flushtime_last_update 7100c750 f   fragment.c.obj
 0001:0000b770       _get_fragment_coarse_info  7100c770 f   fragment.c.obj
 0001:0000c070       _hashtable_coarse_resurrect 7100d070 f   fragment.c.obj
 0001:0000d5c0       _increment_global_flushtime 7100e5c0 f   fragment.c.obj
 0001:0000d630       _invalidate_code_cache     7100e630 f   fragment.c.obj
 0001:0000d660       _is_couldbelinking         7100e660 f   fragment.c.obj
 0001:0000d690       _is_self_allsynch_flushing 7100e690 f   fragment.c.obj
 0001:0000d6b0       _is_self_couldbelinking    7100e6b0 f   fragment.c.obj
 0001:0000d6e0       _is_self_flushing          7100e6e0 f   fragment.c.obj
 0001:0000e0c0       _set_at_syscall            7100f0c0 f   fragment.c.obj
 0001:0000e0e0       _set_flushtime_last_update 7100f0e0 f   fragment.c.obj
 0001:0000ee80       _coarse_frozen_cache_size  7100fe80 f   fcache.c.obj
 0001:0000ef90       _fcache_add_fragment       7100ff90 f   fcache.c.obj
 0001:0000fb20       _fcache_change_fragment_protection 71010b20 f   fcache.c.obj
 0001:0000fbb0       _fcache_check_option_compatibility 71010bb0 f   fcache.c.obj
 0001:00010080       _fcache_coarse_cache_delete 71011080 f   fcache.c.obj
 0001:000100b0       _fcache_coarse_init_frozen 710110b0 f   fcache.c.obj
 0001:00010100       _fcache_coarse_set_info    71011100 f   fcache.c.obj
 0001:000103b0       _fcache_exit               710113b0 f   fcache.c.obj
 0001:00010510       _fcache_flush_pending_units 71011510 f   fcache.c.obj
 0001:00010910       _fcache_fragment_pclookup  71011910 f   fcache.c.obj
 0001:00010a70       _fcache_free_pending_units 71011a70 f   fcache.c.obj
 0001:00011240       _fcache_init               71012240 f   fcache.c.obj
 0001:00011330       _fcache_is_flush_pending   71012330 f   fcache.c.obj
 0001:00011340       _fcache_is_writable        71012340 f   fcache.c.obj
 0001:00011360       _fcache_low_on_memory      71012360 f   fcache.c.obj
 0001:000114c0       _fcache_profile_exit       710124c0 f   fcache.c.obj
 0001:000116d0       _fcache_refine_whereami    710126d0 f   fcache.c.obj
 0001:00011770       _fcache_remove_fragment    71012770 f   fcache.c.obj
 0001:000118d0       _fcache_reset_all_caches_proactively 710128d0 f   fcache.c.obj
 0001:00011d10       _fcache_return_extra_space 71012d10 f   fcache.c.obj
 0001:00012890       _fcache_shift_start_pc     71013890 f   fcache.c.obj
 0001:00012940       _fcache_thread_exit        71013940 f   fcache.c.obj
 0001:00012950       _fcache_thread_init        71013950 f   fcache.c.obj
 0001:00013260       _get_fcache_coarse_info    71014260 f   fcache.c.obj
 0001:00013290       _in_fcache                 71014290 f   fcache.c.obj
 0001:00013ae0       _schedule_reset            71014ae0 f   fcache.c.obj
 0001:00013f20       _coarse_deref_ibl_prefix   71014f20 f   link.c.obj
 0001:00013f50       _coarse_frozen_stub_size   71014f50 f   link.c.obj
 0001:000140a0       _coarse_lazy_link          710150a0 f   link.c.obj
 0001:00014530       _coarse_mark_trace_head    71015530 f   link.c.obj
 0001:000146d0       _coarse_remove_outgoing    710156d0 f   link.c.obj
 0001:00014820       _coarse_indirect_stub_size 71015820 f   emit_utils_shared.c.obj
 0001:00014820       _coarse_stub_alignment     71015820 f   link.c.obj
 0001:00014830       _coarse_stubs_create       71015830 f   link.c.obj
 0001:000148a0       _coarse_stubs_delete       710158a0 f   link.c.obj
 0001:000149d0       _coarse_stubs_set_end_pc   710159d0 f   link.c.obj
 0001:000149f0       _coarse_stubs_set_info     710159f0 f   link.c.obj
 0001:00014a10       _coarse_unit_shift_links   71015a10 f   link.c.obj
 0001:00014c00       _coarse_unit_unlink        71015c00 f   link.c.obj
 0001:00014db0       _coarse_unit_unlink_outgoing 71015db0 f   link.c.obj
 0001:00014ea0       _coarse_update_outgoing    71015ea0 f   link.c.obj
 0001:00014fc0       _d_r_link_exit             71015fc0 f   link.c.obj
 0001:00015000       _d_r_link_init             71016000 f   link.c.obj
 0001:00015030       _fcache_return_coarse_prefix 71016030 f   link.c.obj
 0001:00015060       _get_asynch_linkstub       71016060 f   link.c.obj
 0001:00015070       _get_client_linkstub       71016070 f   link.c.obj
 0001:00015080       _get_coarse_exit_linkstub  71016080 f   link.c.obj
 0001:00015090       _get_coarse_ibl_prefix     71016090 f   link.c.obj
 0001:000150d0       _get_coarse_trace_head_exit_linkstub 710160d0 f   link.c.obj
 0001:000150e0       _get_deleted_linkstub      710160e0 f   link.c.obj
 0001:000150f0       _get_ibl_deleted_linkstub  710160f0 f   link.c.obj
 0001:00015100       _get_ibl_sourceless_linkstub 71016100 f   link.c.obj
 0001:00015160       _get_last_linkstub_ordinal 71016160 f   link.c.obj
 0001:00015170       _get_native_exec_linkstub  71016170 f   link.c.obj
 0001:00015180       _get_native_exec_syscall_linkstub 71016180 f   link.c.obj
 0001:00015190       _get_reset_linkstub        71016190 f   link.c.obj
 0001:000151a0       _get_selfmod_linkstub      710161a0 f   link.c.obj
 0001:000151b0       _get_shared_syscalls_bb_linkstub 710161b0 f   link.c.obj
 0001:000151c0       _get_shared_syscalls_trace_linkstub 710161c0 f   link.c.obj
 0001:000151d0       _get_shared_syscalls_unlinked_linkstub 710161d0 f   link.c.obj
 0001:000151e0       _get_special_ibl_linkstub  710161e0 f   link.c.obj
 0001:00015220       _get_starting_linkstub     71016220 f   link.c.obj
 0001:00015230       _get_stub_coarse_info      71016230 f   link.c.obj
 0001:00015250       _get_syscall_linkstub      71016250 f   link.c.obj
 0001:00015260       _in_coarse_stub_prefixes   71016260 f   link.c.obj
 0001:000152b0       _in_coarse_stubs           710162b0 f   link.c.obj
 0001:00015410       _incoming_remove_fragment  71016410 f   link.c.obj
 0001:000156f0       _is_ibl_sourceless_linkstub 710166f0 f   link.c.obj
 0001:00015730       _is_linkable               71016730 f   link.c.obj
 0001:000157e0       _last_exit_deleted         710167e0 f   link.c.obj
 0001:00015b30       _link_fragment_incoming    71016b30 f   link.c.obj
 0001:00015c80       _link_fragment_outgoing    71016c80 f   link.c.obj
 0001:000161b0       _link_new_fragment         710171b0 f   link.c.obj
 0001:00016250       _link_reset_free           71017250 f   link.c.obj
 0001:00016270       _link_reset_init           71017270 f   link.c.obj
 0001:000162a0       _link_thread_exit          710172a0 f   link.c.obj
 0001:000162c0       _link_thread_init          710172c0 f   link.c.obj
 0001:00016310       _linkstub_frag_offs_at_end 71017310 f   link.c.obj
 0001:00016350       _linkstub_fragment         71017350 f   link.c.obj
 0001:000164b0       _linkstub_free_exitstubs   710174b0 f   link.c.obj
 0001:00016600       _linkstub_propagatable_flags 71017600 f   link.c.obj
 0001:00016610       _linkstub_shares_next_stub 71017610 f   link.c.obj
 0001:00016790       _linkstub_size             71017790 f   link.c.obj
 0001:00016800       _linkstubs_heap_size       71017800 f   link.c.obj
 0001:00016850       _linkstubs_init            71017850 f   link.c.obj
 0001:000168f0       _linkstubs_shift           710178f0 f   link.c.obj
 0001:00016990       _local_exit_stub_size      71017990 f   link.c.obj
 0001:00016a50       _separate_stub_create      71017a50 f   link.c.obj
 0001:00016bf0       _set_coarse_ibl_exit       71017bf0 f   link.c.obj
 0001:00016c50       _set_last_exit             71017c50 f   link.c.obj
 0001:00016c80       _shift_links_to_new_fragment 71017c80 f   link.c.obj
 0001:000174b0       _should_separate_stub      710184b0 f   link.c.obj
 0001:000174d0       _trace_head_return_coarse_prefix 710184d0 f   link.c.obj
 0001:000176d0       _unlink_fragment_incoming  710186d0 f   link.c.obj
 0001:00017800       _unlink_fragment_outgoing  71018800 f   link.c.obj
 0001:000178e0       _opnd_disassemble_arch     710188e0 f   disassemble.c.obj
 0001:000178e0       _os_thread_re_take_over    710188e0 f   os.c.obj
 0001:000178e0       _opnd_is_immed_int64       710188e0 f   opnd_shared.c.obj
 0001:000178e0       _ignorable_system_call     710188e0 f   syscall.c.obj
 0001:000178e0       _reg_is_stolen             710188e0 f   opnd.c.obj
 0001:000178e0       _instr_is_exclusive_store  710188e0 f   instr.c.obj
 0001:000178e0       _use_cbr_fallthrough_short 710188e0 f   link.c.obj
 0001:000178e0       _parameters_stack_padded   710188e0 f   mangle_shared.c.obj
 0001:000178f0       _d_r_dispatch              710188f0 f   dispatch.c.obj
 0001:000196f0       _handle_system_call        7101a6f0 f   dispatch.c.obj
 0001:00019ac0       _is_stopping_point         7101aac0 f   dispatch.c.obj
 0001:00019b10       _issue_last_system_call_from_app 7101ab10 f   dispatch.c.obj
 0001:00019c70       _transfer_to_dispatch      7101ac70 f   dispatch.c.obj
 0001:00019cf0       _emit_fragment             7101acf0 f   emit.c.obj
 0001:00019d20       _emit_fragment_as_replacement 7101ad20 f   emit.c.obj
 0001:0001a7c0       _emit_fragment_ex          7101b7c0 f   emit.c.obj
 0001:0001a7f0       _emit_invisible_fragment   7101b7f0 f   emit.c.obj
 0001:0001a820       _final_exit_shares_prev_stub 7101b820 f   emit.c.obj
 0001:0001a8b0       _set_linkstub_fields       7101b8b0 f   emit.c.obj
 0001:0001b2e0       _acquire_recursive_app_lock 7101c2e0 f   utils.c.obj
 0001:0001b320       _acquire_recursive_lock    7101c320 f   utils.c.obj
 0001:0001b350       _bitmap_allocate_blocks    7101c350 f   utils.c.obj
 0001:0001b530       _bitmap_free_blocks        7101c530 f   utils.c.obj
 0001:0001b560       _bitmap_initialize_free    7101c560 f   utils.c.obj
 0001:0001b580       _check_filter              7101c580 f   utils.c.obj
 0001:0001b6b0       _check_filter_with_wildcards 7101c6b0 f   utils.c.obj
 0001:0001b6d0       _check_low_disk_threshold  7101c6d0 f   utils.c.obj
 0001:0001b730       _close_log_file            7101c730 f   utils.c.obj
 0001:0001b750       _convert_date_to_millis    7101c750 f   utils.c.obj
 0001:0001b840       _convert_millis_to_date    7101c840 f   utils.c.obj
 0001:0001b990       _create_log_dir            7101c990 f   utils.c.obj
 0001:0001bc30       _d_r_crc32                 7101cc30 f   utils.c.obj
 0001:0001bc70       _d_r_get_random_seed       7101cc70 f   utils.c.obj
 0001:0001bc80       _d_r_md5_final             7101cc80 f   utils.c.obj
 0001:0001bd20       _d_r_md5_init              7101cd20 f   utils.c.obj
 0001:0001bd50       _d_r_md5_update            7101cd50 f   utils.c.obj
 0001:0001be10       _d_r_mutex_delete          7101ce10 f   utils.c.obj
 0001:0001be10       _spinmutex_delete          7101ce10 f   utils.c.obj
 0001:0001be30       _d_r_mutex_lock            7101ce30 f   utils.c.obj
 0001:0001be80       _d_r_mutex_lock_app        7101ce80 f   utils.c.obj
 0001:0001bed0       _synch_init                7101ced0 f   synch.c.obj
 0001:0001bed0       _advapi32_redir_onload     7101ced0 f   advapi32_redir.c.obj
 0001:0001bed0       _d_r_logopnd               7101ced0 f   instr_shared.c.obj
 0001:0001bed0       _rpcrt4_redir_onload       7101ced0 f   rpcrt4_redir.c.obj
 0001:0001bed0       _update_all_memory_areas   7101ced0 f   os.c.obj
 0001:0001bed0       _kernel32_redir_exit_proc  7101ced0 f   kernel32_proc.c.obj
 0001:0001bed0       _check_for_run_once        7101ced0 f   inject_shared.c.obj
 0001:0001bed0       _dr_request_synchronized_exit 7101ced0 f   instrument.c.obj
 0001:0001bed0       _dr_log                    7101ced0 f   instrument.c.obj
 0001:0001bed0       _unpatch_stub              7101ced0 f   emit_utils.c.obj
 0001:0001bed0       _monitor_thread_reset_init 7101ced0 f   monitor.c.obj
 0001:0001bed0       _all_memory_areas_unlock   7101ced0 f   os.c.obj
 0001:0001bed0       _perscache_slow_exit       7101ced0 f   perscache.c.obj
 0001:0001bed0       _loader_pre_client_thread_exit 7101ced0 f   loader.c.obj
 0001:0001bed0       _os_thread_init_finalize   7101ced0 f   os.c.obj
 0001:0001bed0       _callback_init             7101ced0 f   callback.c.obj
 0001:0001bed0       _native_module_unhook      7101ced0 f   native_pe.c.obj
 0001:0001bed0       _all_memory_areas_lock     7101ced0 f   os.c.obj
 0001:0001bed0       _native_module_init        7101ced0 f   native_pe.c.obj
 0001:0001bed0       _instrument_thread_exit    7101ced0 f   instrument.c.obj
 0001:0001bed0       _dr_app_stop               7101ced0 f   dynamo.c.obj
 0001:0001bed0       _os_tls_init               7101ced0 f   os.c.obj
 0001:0001bed0       _mangle_arch_init          7101ced0 f   mangle.c.obj
 0001:0001bed0       _machine_cache_sync        7101ced0 f   proc.c.obj
 0001:0001bed0       _native_module_hook        7101ced0 f   native_pe.c.obj
 0001:0001bed0       _d_r_monitor_init          7101ced0 f   monitor.c.obj
 0001:0001bed0       _proc_set_num_simd_saved   7101ced0 f   proc.c.obj
 0001:0001bed0       _os_delete_memory_file     7101ced0 f   os.c.obj
 0001:0001bed0       _instrlist_set_auto_predicate 7101ced0 f   instrlist.c.obj
 0001:0001bed0       _os_process_under_dynamorio_complete 7101ced0 f   os.c.obj
 0001:0001bed0       _loader_allow_unsafe_static_behavior 7101ced0 f   loader.c.obj
 0001:0001bed0       _native_module_exit        7101ced0 f   native_pe.c.obj
 0001:0001bed0       _patch_stub                7101ced0 f   emit_utils.c.obj
 0001:0001bed0       _aslr_thread_exit          7101ced0 f   aslr.c.obj
 0001:0001bed0       _aslr_thread_init          7101ced0 f   aslr.c.obj
 0001:0001bed0       _d_r_mutex_mark_as_app     7101ced0 f   utils.c.obj
 0001:0001bed0       _d_r_internal_error        7101ced0 f   drlibc:drlibc.c.obj
 0001:0001bed0       _os_tls_exit               7101ced0 f   os.c.obj
 0001:0001bed0       _d_r_loginst               7101ced0 f   instr_shared.c.obj
 0001:0001bee0       _d_r_mutex_trylock         7101cee0 f   utils.c.obj
 0001:0001bf00       _d_r_mutex_unlock          7101cf00 f   utils.c.obj
 0001:0001bf20       _d_r_notify                7101cf20 f   utils.c.obj
 0001:0001c000       _d_r_read_lock             7101d000 f   utils.c.obj
 0001:0001c0d0       _d_r_read_unlock           7101d0d0 f   utils.c.obj
 0001:0001c110       _d_r_set_random_seed       7101d110 f   utils.c.obj
 0001:0001c120       _d_r_write_lock            7101d120 f   utils.c.obj
 0001:0001c180       _d_r_write_trylock         7101d180 f   utils.c.obj
 0001:0001c1e0       _d_r_write_unlock          7101d1e0 f   utils.c.obj
 0001:0001c240       _divide_uint64_print       7101d240 f   utils.c.obj
 0001:0001c2d0       _do_file_write             7101d2d0 f   utils.c.obj
 0001:0001c380       _double_print              7101d380 f   utils.c.obj
 0001:0001c430       _double_strchr             7101d430 f   utils.c.obj
 0001:0001c460       _dr_strdup                 7101d460 f   utils.c.obj
 0001:0001c4a0       _dr_strfree                7101d4a0 f   utils.c.obj
 0001:0001c4d0       _dr_wstrdup                7101d4d0 f   utils.c.obj
 0001:0001c5c0       _dump_buffer_as_bytes      7101d5c0 f   utils.c.obj
 0001:0001c900       _dump_global_rstats_to_stderr 7101d900 f   utils.c.obj
 0001:0001cdf0       _external_error            7101ddf0 f   utils.c.obj
 0001:0001ceb0       _get_log_dir               7101deb0 f   utils.c.obj
 0001:0001cf90       _get_random_offset         7101df90 f   utils.c.obj
 0001:0001d000       _get_short_name            7101e000 f   utils.c.obj
 0001:0001d020       _get_unique_logfile        7101e020 f   utils.c.obj
 0001:0001d180       _hash_value                7101e180 f   utils.c.obj
 0001:0001d220       _hashtable_num_bits        7101e220 f   utils.c.obj
 0001:0001d240       _is_readable_without_exception_try 7101e240 f   utils.c.obj
 0001:0001d2d0       _is_string_readable_without_exception 7101e2d0 f   utils.c.obj
 0001:0001d400       _md5_digests_equal         7101e400 f   utils.c.obj
 0001:0001d440       _module_digests_equal      7101e440 f   utils.c.obj
 0001:0001d4b0       _open_log_file             7101e4b0 f   utils.c.obj
 0001:0001d5c0       _our_wcsnlen               7101e5c0 f   utils.c.obj
 0001:0001d5e0       _print_file                7101e5e0 f   utils.c.obj
 0001:0001d600       _print_to_buffer           7101e600 f   utils.c.obj
 0001:0001d670       _print_version_and_app_info 7101e670 f   utils.c.obj
 0001:0001d6e0       _print_xml_cdata           7101e6e0 f   utils.c.obj
 0001:0001d770       _region_intersection       7101e770 f   utils.c.obj
 0001:0001d7b0       _release_recursive_lock    7101e7b0 f   utils.c.obj
 0001:0001d7e0       _report_app_problem        7101e7e0 f   utils.c.obj
 0001:0001d920       _report_dynamorio_problem  7101e920 f   utils.c.obj
 0001:0001dc50       _safe_write_try_except     7101ec50 f   utils.c.obj
 0001:0001dd80       _self_owns_recursive_lock  7101ed80 f   utils.c.obj
 0001:0001dda0       _self_owns_write_lock      7101eda0 f   utils.c.obj
 0001:0001ddc0       _set_display_version       7101edc0 f   utils.c.obj
 0001:0001de30       _set_exception_strings     7101ee30 f   utils.c.obj
 0001:0001df10       _spinmutex_lock            7101ef10 f   utils.c.obj
 0001:0001df40       _spinmutex_lock_no_yield   7101ef40 f   utils.c.obj
 0001:0001df70       _spinmutex_trylock         7101ef70 f   utils.c.obj
 0001:0001df90       _spinmutex_unlock          7101ef90 f   utils.c.obj
 0001:0001dfa0       _stats_get_snapshot        7101efa0 f   utils.c.obj
 0001:0001e000       _str_case_prefix           7101f000 f   utils.c.obj
 0001:0001e090       _try_recursive_lock        7101f090 f   utils.c.obj
 0001:0001e0d0       _utils_exit                7101f0d0 f   utils.c.obj
 0001:0001e140       _utils_init                7101f140 f   utils.c.obj
 0001:0001e210       _config_heap_exit          7101f210 f   config.c.obj
 0001:0001e260       _config_heap_init          7101f260 f   config.c.obj
 0001:0001e4f0       _config_reread             7101f4f0 f   config.c.obj
 0001:0001e620       _d_r_config_exit           7101f620 f   config.c.obj
 0001:0001e650       _d_r_config_init           7101f650 f   config.c.obj
 0001:0001e6a0       _d_r_get_parameter         7101f6a0 f   config.c.obj
 0001:0001e6f0       _get_config_val            7101f6f0 f   config.c.obj
 0001:0001e810       _get_config_val_other_app  7101f810 f   config.c.obj
 0001:0001e840       _get_parameter_ex          7101f840 f   config.c.obj
 0001:0001e890       _my_getenv                 7101f890 f   config.c.obj
 0001:0001ecd0       _dump_thread_kstats        7101fcd0 f   stats.c.obj
 0001:0001f2a0       _kstat_exit                710202a0 f   stats.c.obj
 0001:0001f300       _kstat_init                71020300 f   stats.c.obj
 0001:000206d0       _kstat_thread_exit         710216d0 f   stats.c.obj
 0001:000208b0       _kstat_thread_init         710218b0 f   stats.c.obj
 0001:00020c20       _alloc_landing_pad         71021c20 f   heap.c.obj
 0001:00021540       _d_r_heap_exit             71022540 f   heap.c.obj
 0001:00021910       _d_r_heap_init             71022910 f   heap.c.obj
 0001:00021b40       _d_r_map_file              71022b40 f   heap.c.obj
 0001:00021b90       _d_r_unmap_file            71022b90 f   heap.c.obj
 0001:00021fc0       _global_heap_alloc         71022fc0 f   heap.c.obj
 0001:00022000       _global_heap_free          71023000 f   heap.c.obj
 0001:00022020       _global_heap_realloc       71023020 f   heap.c.obj
 0001:000220b0       _global_unprotected_heap_alloc 710230b0 f   heap.c.obj
 0001:000220d0       _global_unprotected_heap_free 710230d0 f   heap.c.obj
 0001:000220f0       _heap_alloc                710230f0 f   heap.c.obj
 0001:00022140       _heap_check_option_compatibility 71023140 f   heap.c.obj
 0001:00022380       _heap_reachable_free       71023380 f   heap.c.obj
 0001:00022380       _heap_free                 71023380 f   heap.c.obj
 0001:00022710       _heap_mmap                 71023710 f   heap.c.obj
 0001:00022730       _heap_mmap_ex              71023730 f   heap.c.obj
 0001:00022760       _heap_mmap_extend_commitment 71023760 f   heap.c.obj
 0001:000227d0       _heap_mmap_reserve         710237d0 f   heap.c.obj
 0001:000227f0       _heap_mmap_reserve_post_stack 710237f0 f   heap.c.obj
 0001:00022a10       _heap_mmap_retract_commitment 71023a10 f   heap.c.obj
 0001:00022a80       _heap_munmap               71023a80 f   heap.c.obj
 0001:00022aa0       _heap_munmap_ex            71023aa0 f   heap.c.obj
 0001:00022ac0       _heap_munmap_post_stack    71023ac0 f   heap.c.obj
 0001:00022b50       _heap_post_exit            71023b50 f   heap.c.obj
 0001:00022b60       _heap_reachable_alloc      71023b60 f   heap.c.obj
 0001:00022bd0       _heap_reset_free           71023bd0 f   heap.c.obj
 0001:00022d70       _heap_reset_init           71023d70 f   heap.c.obj
 0001:00022de0       _heap_thread_exit          71023de0 f   heap.c.obj
 0001:00022e50       _heap_thread_init          71023e50 f   heap.c.obj
 0001:00022f60       _heap_thread_reset_free    71023f60 f   heap.c.obj
 0001:00022f80       _heap_thread_reset_init    71023f80 f   heap.c.obj
 0001:00023020       _heap_vmareas_synch_units  71024020 f   heap.c.obj
 0001:00023350       _is_stack_overflow         71024350 f   heap.c.obj
 0001:000233c0       _is_vmm_reserved_address   710243c0 f   heap.c.obj
 0001:000234c0       _landing_pads_to_executable_areas 710244c0 f   heap.c.obj
 0001:00023580       _local_heap_protected      71024580 f   heap.c.obj
 0001:000235c0       _lockwise_safe_to_allocate_memory 710245c0 f   heap.c.obj
 0001:000235e0       _nonpersistent_heap_alloc  710245e0 f   heap.c.obj
 0001:00023620       _nonpersistent_heap_free   71024620 f   heap.c.obj
 0001:00023660       _print_vmm_heap_data       71024660 f   heap.c.obj
 0001:000236e0       _protect_global_heap       710246e0 f   heap.c.obj
 0001:00023760       _protect_local_heap        71024760 f   heap.c.obj
 0001:00023bf0       _special_heap_alloc        71024bf0 f   heap.c.obj
 0001:00023c00       _special_heap_calloc       71024c00 f   heap.c.obj
 0001:00023e30       _special_heap_cfree        71024e30 f   heap.c.obj
 0001:000240e0       _special_heap_exit         710250e0 f   heap.c.obj
 0001:000243b0       _special_heap_free         710253b0 f   heap.c.obj
 0001:00024430       _special_heap_init         71025430 f   heap.c.obj
 0001:00024600       _special_heap_iterator_hasnext 71025600 f   heap.c.obj
 0001:00024610       _special_heap_iterator_next 71025610 f   heap.c.obj
 0001:00024660       _special_heap_iterator_start 71025660 f   heap.c.obj
 0001:00024690       _special_heap_iterator_stop 71025690 f   heap.c.obj
 0001:000246b0       _special_heap_pclookup_init 710256b0 f   heap.c.obj
 0001:000246f0       _special_heap_profile_exit 710256f0 f   heap.c.obj
 0001:000247c0       _special_heap_set_unit_end 710257c0 f   heap.c.obj
 0001:000247f0       _special_heap_set_vector_data 710257f0 f   heap.c.obj
 0001:00024820       _stack_alloc               71025820 f   heap.c.obj
 0001:00024900       _stack_free                71025900 f   heap.c.obj
 0001:00024c30       _trim_landing_pad          71025c30 f   heap.c.obj
 0001:00024d60       _vmcode_get_end            71025d60 f   heap.c.obj
 0001:00024d90       _vmcode_get_executable_addr 71025d90 f   heap.c.obj
 0001:00024de0       _vmcode_get_start          71025de0 f   heap.c.obj
 0001:00024e00       _vmcode_get_writable_addr  71025e00 f   heap.c.obj
 0001:00024e40       _vmcode_unreachable_pc     71025e40 f   heap.c.obj
 0001:00025160       _vmm_heap_exit             71026160 f   heap.c.obj
 0001:00025330       _vmm_heap_handle_pending_low_on_memory_event_trigger 71026330 f   heap.c.obj
 0001:00025370       _vmm_heap_init             71026370 f   heap.c.obj
 0001:00026210       _cur_trace_vmlist          71027210 f   monitor.c.obj
 0001:00026220       _d_r_monitor_exit          71027220 f   monitor.c.obj
 0001:00026bb0       _is_building_trace         71027bb0 f   monitor.c.obj
 0001:00026d40       _mangle_trace_at_end       71027d40 f   monitor.c.obj
 0001:00026d60       _mark_trace_head           71027d60 f   monitor.c.obj
 0001:00026f10       _monitor_cache_enter       71027f10 f   monitor.c.obj
 0001:00027c20       _monitor_cache_exit        71028c20 f   monitor.c.obj
 0001:00027cd0       _monitor_delete_would_abort_trace 71028cd0 f   monitor.c.obj
 0001:00027d10       _monitor_is_linkable       71028d10 f   monitor.c.obj
 0001:00027d90       _monitor_remove_fragment   71028d90 f   monitor.c.obj
 0001:00027e00       _monitor_thread_exit       71028e00 f   monitor.c.obj
 0001:00027e10       _monitor_thread_init       71028e10 f   monitor.c.obj
 0001:00027f90       _should_be_trace_head      71028f90 f   monitor.c.obj
 0001:00028180       _thcounter_range_remove    71029180 f   monitor.c.obj
 0001:000281b0       _trace_abort               710291b0 f   monitor.c.obj
 0001:00028250       _monitor_thread_reset_free 71029250 f   monitor.c.obj
 0001:00028250       _trace_abort_and_delete    71029250 f   monitor.c.obj
 0001:00028510       _acquire_vm_areas_lock     71029510 f   vmareas.c.obj
 0001:00028550       _acquire_vm_areas_lock_if_not_already 71029550 f   vmareas.c.obj
 0001:000285b0       _add_dynamo_heap_vm_area   710295b0 f   vmareas.c.obj
 0001:000285f0       _add_dynamo_vm_area        710295f0 f   vmareas.c.obj
 0001:00028670       _add_executable_region     71029670 f   vmareas.c.obj
 0001:00028aa0       _add_to_lazy_deletion_list 71029aa0 f   vmareas.c.obj
 0001:000291a0       _app_memory_allocation     7102a1a0 f   vmareas.c.obj
 0001:000292b0       _app_memory_deallocation   7102a2b0 f   vmareas.c.obj
 0001:00029310       _app_memory_pre_alloc      7102a310 f   vmareas.c.obj
 0001:000293f0       _app_memory_protection_change 7102a3f0 f   vmareas.c.obj
 0001:00029a00       _check_in_last_thread_vm_area 7102aa00 f   vmareas.c.obj
 0001:00029ba0       _check_thread_vm_area      7102aba0 f   vmareas.c.obj
 0001:0002a6c0       _check_thread_vm_area_abort 7102b6c0 f   vmareas.c.obj
 0001:0002a800       _dynamo_vm_area_overlap    7102b800 f   vmareas.c.obj
 0001:0002a850       _dynamo_vm_areas_exit      7102b850 f   vmareas.c.obj
 0001:0002a890       _dynamo_vm_areas_init      7102b890 f   vmareas.c.obj
 0001:0002a910       _dynamo_vm_areas_lock      7102b910 f   vmareas.c.obj
 0001:0002aa30       _dynamo_vm_areas_unlock    7102ba30 f   vmareas.c.obj
 0001:0002aa60       _executable_area_overlap_bounds 7102ba60 f   vmareas.c.obj
 0001:0002ac90       _executable_areas_lock     7102bc90 f   vmareas.c.obj
 0001:0002add0       _executable_areas_unlock   7102bdd0 f   vmareas.c.obj
 0001:0002ade0       _executable_vm_area_coarse_overlap 7102bde0 f   vmareas.c.obj
 0001:0002ae30       _executable_vm_area_executed_from 7102be30 f   vmareas.c.obj
 0001:0002ae80       _executable_vm_area_overlap 7102be80 f   vmareas.c.obj
 0001:0002af10       _free_nonexec_coarse_and_unlock 7102bf10 f   vmareas.c.obj
 0001:0002b100       _get_executable_area_coarse_info 7102c100 f   vmareas.c.obj
 0001:0002b120       _get_executable_area_flags 7102c120 f   vmareas.c.obj
 0001:0002b170       _get_selfmod_exec_counter  7102c170 f   vmareas.c.obj
 0001:0002b330       _handle_modified_code      7102c330 f   vmareas.c.obj
 0001:0002b8e0       _is_address_on_stack       7102c8e0 f   vmareas.c.obj
 0001:0002b970       _is_driver_address         7102c970 f   vmareas.c.obj
 0001:0002b9e0       _is_dynamo_address         7102c9e0 f   vmareas.c.obj
 0001:0002ba30       _is_dynamo_area_buffer     7102ca30 f   vmareas.c.obj
 0001:0002bab0       _is_executable_area_writable 7102cab0 f   vmareas.c.obj
 0001:0002baf0       _is_in_last_unloaded_region 7102caf0 f   vmareas.c.obj
 0001:0002bb40       _is_jit_managed_area       7102cb40 f   vmareas.c.obj
 0001:0002bc60       _is_pretend_or_executable_writable 7102cc60 f   vmareas.c.obj
 0001:0002bd10       _is_pretend_writable_address 7102cd10 f   vmareas.c.obj
 0001:0002bd50       _is_unreadable_or_currently_unloaded_region 7102cd50 f   vmareas.c.obj
 0001:0002be00       _mark_dynamo_vm_areas_stale 7102ce00 f   vmareas.c.obj
 0001:0002be10       _mark_executable_area_coarse_frozen 7102ce10 f   vmareas.c.obj
 0001:0002be80       _mark_unload_end           7102ce80 f   vmareas.c.obj
 0001:0002beb0       _mark_unload_start         7102ceb0 f   vmareas.c.obj
 0001:0002c010       _print_executable_areas    7102d010 f   vmareas.c.obj
 0001:0002c070       _print_last_deallocated    7102d070 f   vmareas.c.obj
 0001:0002c1e0       _release_vm_areas_lock     7102d1e0 f   vmareas.c.obj
 0001:0002c220       _remove_dynamo_heap_areas  7102d220 f   vmareas.c.obj
 0001:0002c570       _remove_dynamo_vm_area     7102d570 f   vmareas.c.obj
 0001:0002c5d0       _remove_executable_region  7102d5d0 f   vmareas.c.obj
 0001:0002c7f0       _remove_from_lazy_deletion_list 7102d7f0 f   vmareas.c.obj
 0001:0002cdd0       _revert_memory_regions     7102ddd0 f   vmareas.c.obj
 0001:0002ce70       _self_owns_dynamo_vm_area_lock 7102de70 f   vmareas.c.obj
 0001:0002ce90       _set_region_jit_managed    7102de90 f   vmareas.c.obj
 0001:0002cf40       _set_thread_decode_page_start 7102df40 f   vmareas.c.obj
 0001:0002cf60       _tamper_resistant_region_add 7102df60 f   vmareas.c.obj
 0001:0002cf80       _thread_vm_area_overlap    7102df80 f   vmareas.c.obj
 0001:0002cff0       _unlink_fragments_for_deletion 7102dff0 f   vmareas.c.obj
 0001:0002d0d0       _vm_area_add_fragment      7102e0d0 f   vmareas.c.obj
 0001:0002d360       _vm_area_add_to_list       7102e360 f   vmareas.c.obj
 0001:0002d6e0       _vm_area_allsynch_flush_fragments 7102e6e0 f   vmareas.c.obj
 0001:0002d920       _vm_area_check_shared_pending 7102e920 f   vmareas.c.obj
 0001:0002ddd0       _vm_area_coarse_units_freeze 7102edd0 f   vmareas.c.obj
 0001:0002de60       _vm_area_coarse_units_reset_free 7102ee60 f   vmareas.c.obj
 0001:0002def0       _vm_area_delay_load_coarse_units 7102eef0 f   vmareas.c.obj
 0001:0002dff0       _vm_area_destroy_list      7102eff0 f   vmareas.c.obj
 0001:0002e1b0       _vm_area_flush_fragments   7102f1b0 f   vmareas.c.obj
 0001:0002e4b0       _vm_area_remove_fragment   7102f4b0 f   vmareas.c.obj
 0001:0002e580       _vm_area_selfmod_check_clear_exec_count 7102f580 f   vmareas.c.obj
 0001:0002e760       _vm_area_unlink_fragments  7102f760 f   vmareas.c.obj
 0001:0002ea00       _vm_areas_exit             7102fa00 f   vmareas.c.obj
 0001:0002ecb0       _vm_areas_init             7102fcb0 f   vmareas.c.obj
 0001:0002f0b0       _vm_areas_post_exit        710300b0 f   vmareas.c.obj
 0001:0002f0c0       _vm_areas_reset_free       710300c0 f   vmareas.c.obj
 0001:0002f100       _vm_areas_reset_init       71030100 f   vmareas.c.obj
 0001:0002f180       _vm_areas_thread_init      71030180 f   vmareas.c.obj
 0001:0002f1a0       _vm_areas_thread_reset_free 710301a0 f   vmareas.c.obj
 0001:0002f1a0       _vm_areas_thread_exit      710301a0 f   vmareas.c.obj
 0001:0002f1d0       _vm_areas_thread_reset_init 710301d0 f   vmareas.c.obj
 0001:0002f250       _vm_list_overlaps          71030250 f   vmareas.c.obj
 0001:0002f3a0       _vmvector_add              710303a0 f   vmareas.c.obj
 0001:0002f400       _vmvector_add_replace      71030400 f   vmareas.c.obj
 0001:0002f4b0       _vmvector_create_vector    710304b0 f   vmareas.c.obj
 0001:0002f4e0       _vmvector_delete_vector    710304e0 f   vmareas.c.obj
 0001:0002f520       _vmvector_iterator_hasnext 71030520 f   vmareas.c.obj
 0001:0002f540       _vmvector_iterator_next    71030540 f   vmareas.c.obj
 0001:0002f590       _vmvector_iterator_peek    71030590 f   vmareas.c.obj
 0001:0002f5e0       _vmvector_iterator_start   710305e0 f   vmareas.c.obj
 0001:0002f630       _vmvector_iterator_startover 71030630 f   vmareas.c.obj
 0001:0002f640       _vmvector_iterator_stop    71030640 f   vmareas.c.obj
 0001:0002f680       _vmvector_lookup           71030680 f   vmareas.c.obj
 0001:0002f6f0       _vmvector_lookup_data      710306f0 f   vmareas.c.obj
 0001:0002f790       _vmvector_lookup_prev_next 71030790 f   vmareas.c.obj
 0001:0002f8e0       _vmvector_modify_data      710308e0 f   vmareas.c.obj
 0001:0002f970       _vmvector_overlap          71030970 f   vmareas.c.obj
 0001:0002f9e0       _vmvector_remove           710309e0 f   vmareas.c.obj
 0001:0002fa40       _vmvector_remove_containing_area 71030a40 f   vmareas.c.obj
 0001:0002fad0       _vmvector_reset_vector     71030ad0 f   vmareas.c.obj
 0001:0002fb40       _was_executable_area_writable 71030b40 f   vmareas.c.obj
 0001:0002fbd0       _generic_hash_add          71030bd0 f   hashtable.c.obj
 0001:0002fc00       _generic_hash_clear        71030c00 f   hashtable.c.obj
 0001:0002fc10       _generic_hash_create       71030c10 f   hashtable.c.obj
 0001:0002fc50       _generic_hash_destroy      71030c50 f   hashtable.c.obj
 0001:0002fd00       _generic_hash_iterate_next 71030d00 f   hashtable.c.obj
 0001:0002fd60       _generic_hash_iterate_remove 71030d60 f   hashtable.c.obj
 0001:0002fdd0       _generic_hash_lookup       71030dd0 f   hashtable.c.obj
 0001:0002fdf0       _generic_hash_range_remove 71030df0 f   hashtable.c.obj
 0001:0002fe10       _generic_hash_remove       71030e10 f   hashtable.c.obj
 0001:0002fe90       _hashtable_bits_given_entries 71030e90 f   hashtable.c.obj
 0001:000301c0       _hashtable_generic_clear   710311c0 f   hashtable.c.obj
 0001:00030c80       _strhash_hash_add          71031c80 f   hashtable.c.obj
 0001:00030cb0       _strhash_hash_create       71031cb0 f   hashtable.c.obj
 0001:00030d00       _strhash_hash_destroy      71031d00 f   hashtable.c.obj
 0001:00030db0       _strhash_hash_lookup       71031db0 f   hashtable.c.obj
 0001:00030dd0       _strhash_hash_remove       71031dd0 f   hashtable.c.obj
 0001:00030ec0       _is_module_list_initialized 71031ec0 f   module_list.c.obj
 0001:00030ed0       _module_calculate_digest   71031ed0 f   module_list.c.obj
 0001:00031150       _module_iterator_hasnext   71032150 f   module_list.c.obj
 0001:000311a0       _module_iterator_next      710321a0 f   module_list.c.obj
 0001:000311c0       _module_iterator_start     710321c0 f   module_list.c.obj
 0001:00031200       _module_iterator_stop      71032200 f   module_list.c.obj
 0001:00031240       _module_list_add           71032240 f   module_list.c.obj
 0001:000312d0       _module_list_add_mapping   710322d0 f   module_list.c.obj
 0001:000312f0       _module_list_remove        710322f0 f   module_list.c.obj
 0001:000313e0       _module_list_remove_mapping 710323e0 f   module_list.c.obj
 0001:00031400       _module_pc_lookup          71032400 f   module_list.c.obj
 0001:00031420       _modules_exit              71032420 f   module_list.c.obj
 0001:00031450       _modules_init              71032450 f   module_list.c.obj
 0001:00031470       _modules_reset_list        71032470 f   module_list.c.obj
 0001:00031540       _os_get_module_info_lock   71032540 f   module_list.c.obj
 0001:00031560       _os_get_module_info_unlock 71032560 f   module_list.c.obj
 0001:00031580       _os_get_module_info_write_lock 71032580 f   module_list.c.obj
 0001:000315a0       _os_get_module_info_write_unlock 710325a0 f   module_list.c.obj
 0001:000315c0       _os_get_module_name_buf_strdup 710325c0 f   module_list.c.obj
 0001:000316e0       _os_get_module_name_strdup 710326e0 f   module_list.c.obj
 0001:00031760       _os_module_clear_flag      71032760 f   module_list.c.obj
 0001:000317e0       _os_module_get_flag        710327e0 f   module_list.c.obj
 0001:00031840       _os_module_get_view_size   71032840 f   module_list.c.obj
 0001:00031890       _os_module_set_flag        71032890 f   module_list.c.obj
 0001:00031a10       _moduledb_exit             71032a10 f   moduledb.c.obj
 0001:00031a80       _moduledb_init             71032a80 f   moduledb.c.obj
 0001:00031aa0       _moduledb_process_image    71032aa0 f   moduledb.c.obj
 0001:00031c30       _print_moduledb_exempt_lists 71032c30 f   moduledb.c.obj
 0001:000326c0       _coarse_unit_check_persist_space 710336c0 f   perscache.c.obj
 0001:00032770       _coarse_unit_create        71033770 f   perscache.c.obj
 0001:000328f0       _coarse_unit_free          710338f0 f   perscache.c.obj
 0001:00032940       _coarse_unit_freeze        71033940 f   perscache.c.obj
 0001:00032af0       _coarse_unit_init          71033af0 f   perscache.c.obj
 0001:00032b20       _coarse_unit_load          71033b20 f   perscache.c.obj
 0001:00033490       _coarse_unit_mark_in_use   71034490 f   perscache.c.obj
 0001:00033510       _coarse_unit_merge         71034510 f   perscache.c.obj
 0001:00033b00       _coarse_unit_persist       71034b00 f   perscache.c.obj
 0001:00034400       _coarse_unit_reset_free    71035400 f   perscache.c.obj
 0001:00034990       _coarse_units_freeze_all   71035990 f   perscache.c.obj
 0001:00034f40       _dr_fragment_persistable   71035f40 f   perscache.c.obj
 0001:00034fc0       _dr_persist_size           71035fc0 f   perscache.c.obj
 0001:00034fd0       _dr_persist_start          71035fd0 f   perscache.c.obj
 0001:000352b0       _instrument_persist_section 710362b0 f   perscache.c.obj
 0001:00035380       _perscache_dirname         71036380 f   perscache.c.obj
 0001:00035460       _perscache_fast_exit       71036460 f   perscache.c.obj
 0001:000354a0       _perscache_init            710364a0 f   perscache.c.obj
 0001:000359d0       _transfer_coarse_fragment  710369d0 f   perscache.c.obj
 0001:00035c30       _transfer_coarse_stub      71036c30 f   perscache.c.obj
 0001:00035d10       _transfer_coarse_stub_fix_trace_head 71036d10 f   perscache.c.obj
 0001:00035d70       _generic_nudge_handler     71036d70 f   nudge.c.obj
 0001:00035ee0       _generic_nudge_target      71036ee0 f   nudge.c.obj
 0001:00036020       _nudge_internal            71037020 f   nudge.c.obj
 0001:00036190       _nudge_thread_cleanup      71037190 f   nudge.c.obj
 0001:00036250       _at_safe_spot              71037250 f   synch.c.obj
 0001:000363e0       _check_wait_at_safe_spot   710373e0 f   synch.c.obj
 0001:000365d0       _detach_on_permanent_stack 710375d0 f   synch.c.obj
 0001:00036a70       _end_synch_with_all_threads 71037a70 f   synch.c.obj
 0001:00036ad0       _is_at_do_syscall          71037ad0 f   synch.c.obj
 0001:00036c60       _resume_all_threads        71037c60 f   synch.c.obj
 0001:00036cd0       _send_all_other_threads_native 71037cd0 f   synch.c.obj
 0001:00036f00       _set_synch_state           71037f00 f   synch.c.obj
 0001:00036f30       _set_synched_thread_context 71037f30 f   synch.c.obj
 0001:000370a0       _should_wait_at_safe_spot  710380a0 f   synch.c.obj
 0001:000370c0       _synch_exit                710380c0 f   synch.c.obj
 0001:000370d0       _synch_thread_exit         710380d0 f   synch.c.obj
 0001:00037120       _synch_thread_init         71038120 f   synch.c.obj
 0001:00037190       _synch_with_all_threads    71038190 f   synch.c.obj
 0001:00037830       _synch_with_thread         71038830 f   synch.c.obj
 0001:00037bc0       _thread_synch_state_no_xfer 71038bc0 f   synch.c.obj
 0001:00037c10       _thread_synch_successful   71038c10 f   synch.c.obj
 0001:00037c30       _translate_from_synchall_to_dispatch 71038c30 f   synch.c.obj
 0001:00037d10       _translate_mcontext        71038d10 f   synch.c.obj
 0001:00037e40       _in_private_library        71038e40 f   loader_shared.c.obj
 0001:00037e60       _loader_exit               71038e60 f   loader_shared.c.obj
 0001:00037fd0       _loader_init_epilogue      71038fd0 f   loader_shared.c.obj
 0001:00038100       _loader_init_prologue      71039100 f   loader_shared.c.obj
 0001:00038180       _loader_make_exit_calls    71039180 f   loader_shared.c.obj
 0001:00038200       _loader_thread_exit        71039200 f   loader_shared.c.obj
 0001:00038260       _loader_thread_init        71039260 f   loader_shared.c.obj
 0001:00038300       _locate_and_load_private_library 71039300 f   loader_shared.c.obj
 0001:00038380       _privload_add_drext_path   71039380 f   loader_shared.c.obj
 0001:000384c0       _privload_first_module     710394c0 f   loader_shared.c.obj
 0001:000384d0       _privload_insert           710394d0 f   loader_shared.c.obj
 0001:00038630       _privload_load             71039630 f   loader_shared.c.obj
 0001:000387f0       _privload_lookup           710397f0 f   loader_shared.c.obj
 0001:000388d0       _privload_lookup_by_base   710398d0 f   loader_shared.c.obj
 0001:00038940       _privload_lookup_by_pc     71039940 f   loader_shared.c.obj
 0001:000389c0       _privload_next_module      710399c0 f   loader_shared.c.obj
 0001:000389d0       _privload_print_modules    710399d0 f   loader_shared.c.obj
 0001:00038d00       _privload_search_path_exists 71039d00 f   loader_shared.c.obj
 0001:00038d50       _privload_unload           71039d50 f   loader_shared.c.obj
 0001:00038e60       _unload_private_library    71039e60 f   loader_shared.c.obj
 0001:00038ea0       _d_r_parse_int             71039ea0 f   io.c.obj
 0001:00038fc0       _d_r_vsnprintf             71039fc0 f   io.c.obj
 0001:00039c10       _d_r_vsnprintf_wide        7103ac10 f   io.c.obj
 0001:0003a510       _d_r_vsscanf               7103b510 f   io.c.obj
 0001:0003aac0       _double2int_trunc          7103bac0 f   io.c.obj
 0001:0003b760       _utf16_to_utf8_size        7103c760 f   io.c.obj
 0001:0003ba40       _call_to_native            7103ca40 f   native_exec.c.obj
 0001:0003bd80       _interpret_back_from_native 7103cd80 f   native_exec.c.obj
 0001:0003bdb0       _is_native_pc              7103cdb0 f   native_exec.c.obj
 0001:0003bdd0       _native_exec_exit          7103cdd0 f   native_exec.c.obj
 0001:0003be00       _native_exec_init          7103ce00 f   native_exec.c.obj
 0001:0003be80       _native_exec_module_load   7103ce80 f   native_exec.c.obj
 0001:0003beb0       _native_exec_module_unload 7103ceb0 f   native_exec.c.obj
 0001:0003bfa0       _put_back_native_retaddrs  7103cfa0 f   native_exec.c.obj
 0001:0003bfe0       _return_from_native        7103cfe0 f   native_exec.c.obj
 0001:0003c050       _return_to_native          7103d050 f   native_exec.c.obj
 0001:0003c350       _copy_module_area_to_module_data 7103d350 f   instrument.c.obj
 0001:0003c4a0       _dr_abort                  7103d4a0 f   instrument.c.obj
 0001:0003c4d0       _dr_abort_with_code        7103d4d0 f   instrument.c.obj
 0001:0003c500       _dr_allow_unsafe_static_behavior 7103d500 f   instrument.c.obj
 0001:0003c510       _dr_app_pc_for_decoding    7103d510 f   instrument.c.obj
 0001:0003c530       _dr_app_pc_from_cache_pc   7103d530 f   instrument.c.obj
 0001:0003c590       _dr_app_recurlock_lock     7103d590 f   instrument.c.obj
 0001:0003c5b0       _dr_atomic_add32_return_sum 7103d5b0 f   instrument.c.obj
 0001:0003c5d0       _dr_bb_exists_at           7103d5d0 f   instrument.c.obj
 0001:0003c5f0       _dr_bb_hook_exists         7103d5f0 f   instrument.c.obj
 0001:0003c600       _dr_cleanup_after_call     7103d600 f   instrument.c.obj
 0001:0003c630       _dr_client_thread_set_suspendable 7103d630 f   instrument.c.obj
 0001:0003c660       _dr_clobber_retaddr_after_read 7103d660 f   instrument.c.obj
 0001:0003c6c0       _dr_close_file             7103d6c0 f   instrument.c.obj
 0001:0003c6d0       _dr_convert_handle_to_pid  7103d6d0 f   instrument.c.obj
 0001:0003c6e0       _dr_convert_pid_to_handle  7103d6e0 f   instrument.c.obj
 0001:0003c6f0       _dr_copy_module_data       7103d6f0 f   instrument.c.obj
 0001:0003c730       _dr_create_dir             7103d730 f   instrument.c.obj
 0001:0003c740       _dr_create_memory_dump     7103d740 f   instrument.c.obj
 0001:0003c770       _dr_custom_alloc           7103d770 f   instrument.c.obj
 0001:0003c810       _dr_custom_free            7103d810 f   instrument.c.obj
 0001:0003c8c0       _dr_delay_flush_region     7103d8c0 f   instrument.c.obj
 0001:0003c940       _dr_delete_dir             7103d940 f   instrument.c.obj
 0001:0003c950       _dr_delete_file            7103d950 f   instrument.c.obj
 0001:0003c960       _dr_delete_fragment        7103d960 f   instrument.c.obj
 0001:0003ca60       _dr_directory_exists       7103da60 f   instrument.c.obj
 0001:0003ca70       _dr_dup_file_handle        7103da70 f   instrument.c.obj
 0001:0003cab0       _dr_enable_console_printing 7103dab0 f   instrument.c.obj
 0001:0003cb80       _dr_end_trace_hook_exists  7103db80 f   instrument.c.obj
 0001:0003cb90       _dr_event_create           7103db90 f   instrument.c.obj
 0001:0003cba0       _dr_event_destroy          7103dba0 f   instrument.c.obj
 0001:0003cbb0       _dr_event_reset            7103dbb0 f   instrument.c.obj
 0001:0003cbc0       _dr_event_signal           7103dbc0 f   instrument.c.obj
 0001:0003cbd0       _dr_event_wait             7103dbd0 f   instrument.c.obj
 0001:0003cc30       _dr_exit_hook_exists       7103dc30 f   instrument.c.obj
 0001:0003cc40       _dr_exit_process           7103dc40 f   instrument.c.obj
 0001:0003cd00       _dr_file_exists            7103dd00 f   instrument.c.obj
 0001:0003cd10       _dr_file_seek              7103dd10 f   instrument.c.obj
 0001:0003cd30       _dr_file_size              7103dd30 f   instrument.c.obj
 0001:0003cd40       _dr_file_tell              7103dd40 f   instrument.c.obj
 0001:0003cd50       _dr_flush_file             7103dd50 f   instrument.c.obj
 0001:0003cd60       _dr_flush_region           7103dd60 f   instrument.c.obj
 0001:0003cdb0       _dr_fprintf                7103ddb0 f   instrument.c.obj
 0001:0003ce10       _dr_fragment_app_pc        7103de10 f   instrument.c.obj
 0001:0003ce40       _dr_fragment_deleted_hook_exists 7103de40 f   instrument.c.obj
 0001:0003ce50       _dr_fragment_exists_at     7103de50 f   instrument.c.obj
 0001:0003ce80       _dr_fragment_size          7103de80 f   instrument.c.obj
 0001:0003cec0       _dr_free_module_data       7103dec0 f   instrument.c.obj
 0001:0003cf10       _kernel32_redir_init_proc  7103df10 f   kernel32_proc.c.obj
 0001:0003cf10       _dr_get_app_PEB            7103df10 f   instrument.c.obj
 0001:0003cf20       _dr_get_application_name   7103df20 f   instrument.c.obj
 0001:0003cf30       _dr_get_client_base        7103df30 f   instrument.c.obj
 0001:0003cf70       _dr_get_client_path        7103df70 f   instrument.c.obj
 0001:0003cfb0       _dr_get_current_directory  7103dfb0 f   instrument.c.obj
 0001:0003cfc0       _dr_get_current_drcontext  7103dfc0 f   instrument.c.obj
 0001:0003cfd0       _dr_get_dr_segment_base    7103dfd0 f   instrument.c.obj
 0001:0003cfe0       _dr_get_dr_thread_handle   7103dfe0 f   instrument.c.obj
 0001:0003cff0       _os_create_memory_file     7103dff0 f   os.c.obj
 0001:0003cff0       _dr_get_logfile            7103dff0 f   instrument.c.obj
 0001:0003cff0       _reg_parameter_num         7103dff0 f   opnd_shared.c.obj
 0001:0003cff0       _redirect_GetCurrentProcess@0 7103dff0 f   kernel32_proc.c.obj
 0001:0003d000       _dr_get_main_module        7103e000 f   instrument.c.obj
 0001:0003d010       _dr_get_mcontext           7103e010 f   instrument.c.obj
 0001:0003d030       _dr_get_mcontext_priv      7103e030 f   instrument.c.obj
 0001:0003d1b0       _dr_get_microseconds       7103e1b0 f   instrument.c.obj
 0001:0003d1c0       _dr_get_milliseconds       7103e1c0 f   instrument.c.obj
 0001:0003d1d0       _dr_get_option_array       7103e1d0 f   instrument.c.obj
 0001:0003d220       _dr_get_options            7103e220 f   instrument.c.obj
 0001:0003d340       _dr_get_os_version         7103e340 f   instrument.c.obj
 0001:0003d510       _dr_get_proc_address       7103e510 f   instrument.c.obj
 0001:0003d520       _dr_get_proc_address_ex    7103e520 f   instrument.c.obj
 0001:0003d560       _redirect_GetCurrentProcessId@0 7103e560 f   kernel32_proc.c.obj
 0001:0003d560       _dr_get_process_id         7103e560 f   instrument.c.obj
 0001:0003d570       _dr_get_random_seed        7103e570 f   instrument.c.obj
 0001:0003d580       _dr_get_random_value       7103e580 f   instrument.c.obj
 0001:0003d590       _dr_get_stats              7103e590 f   instrument.c.obj
 0001:0003d5a0       _dr_get_stderr_file        7103e5a0 f   instrument.c.obj
 0001:0003d5b0       _dr_get_stdin_file         7103e5b0 f   instrument.c.obj
 0001:0003d5c0       _dr_get_stdout_file        7103e5c0 f   instrument.c.obj
 0001:0003d5d0       _dr_get_thread_id          7103e5d0 f   instrument.c.obj
 0001:0003d5e0       _dr_get_time               7103e5e0 f   instrument.c.obj
 0001:0003d600       _dr_get_tls_field          7103e600 f   instrument.c.obj
 0001:0003d610       _dr_get_token              7103e610 f   instrument.c.obj
 0001:0003d640       _dr_global_alloc           7103e640 f   instrument.c.obj
 0001:0003d650       _dr_global_free            7103e650 f   instrument.c.obj
 0001:0003d670       _dr_insert_call            7103e670 f   instrument.c.obj
 0001:0003d720       _dr_insert_call_ex         7103e720 f   instrument.c.obj
 0001:0003d790       _dr_insert_call_instrumentation 7103e790 f   instrument.c.obj
 0001:0003d900       _dr_insert_call_noreturn   7103e900 f   instrument.c.obj
 0001:0003d970       _dr_insert_cbr_instrumentation 7103e970 f   instrument.c.obj
 0001:0003d9b0       _dr_insert_cbr_instrumentation_ex 7103e9b0 f   instrument.c.obj
 0001:0003e0d0       _dr_insert_clean_call      7103f0d0 f   instrument.c.obj
 0001:0003e140       _dr_insert_clean_call_ex   7103f140 f   instrument.c.obj
 0001:0003e1b0       _dr_insert_clean_call_ex_varg 7103f1b0 f   instrument.c.obj
 0001:0003e610       _dr_insert_get_seg_base    7103f610 f   instrument.c.obj
 0001:0003e700       _remove_from_all_memory_areas 7103f700 f   os.c.obj
 0001:0003e700       _dr_insert_set_stolen_reg_value 7103f700 f   instrument.c.obj
 0001:0003e700       _dr_mutex_self_owns        7103f700 f   instrument.c.obj
 0001:0003e700       _dr_insert_get_stolen_reg_value 7103f700 f   instrument.c.obj
 0001:0003e700       _os_heap_systemwide_overcommit 7103f700 f   os.c.obj
 0001:0003e700       _private_lib_handle_cb     7103f700 f   loader.c.obj
 0001:0003e700       _exit_cti_reaches_target   7103f700 f   emit_utils.c.obj
 0001:0003e710       _dr_insert_mbr_instrumentation 7103f710 f   instrument.c.obj
 0001:0003ea40       _dr_insert_read_raw_tls    7103fa40 f   instrument.c.obj
 0001:0003eac0       _dr_insert_read_tls_field  7103fac0 f   instrument.c.obj
 0001:0003ebe0       _dr_insert_ubr_instrumentation 7103fbe0 f   instrument.c.obj
 0001:0003ebf0       _dr_insert_write_raw_tls   7103fbf0 f   instrument.c.obj
 0001:0003ec70       _dr_insert_write_tls_field 7103fc70 f   instrument.c.obj
 0001:0003ede0       _dr_is_notify_on           7103fde0 f   instrument.c.obj
 0001:0003edf0       _dr_is_nudge_thread        7103fdf0 f   instrument.c.obj
 0001:0003ee00       _dr_is_thread_native       7103fe00 f   instrument.c.obj
 0001:0003ee20       _dr_is_wow64               7103fe20 f   instrument.c.obj
 0001:0003ee30       _dr_load_aux_library       7103fe30 f   instrument.c.obj
 0001:0003eed0       _dr_load_aux_x64_library   7103fed0 f   instrument.c.obj
 0001:0003ef00       _dr_lookup_aux_library_routine 7103ff00 f   instrument.c.obj
 0001:0003ef20       _dr_lookup_aux_x64_library_routine 7103ff20 f   instrument.c.obj
 0001:0003ef40       _dr_lookup_module          7103ff40 f   instrument.c.obj
 0001:0003efa0       _dr_lookup_module_by_name  7103ffa0 f   instrument.c.obj
 0001:0003f050       _dr_lookup_module_section  71040050 f   instrument.c.obj
 0001:0003f060       _dr_map_executable_file    71040060 f   instrument.c.obj
 0001:0003f090       _dr_map_file               71040090 f   instrument.c.obj
 0001:0003f0d0       _dr_mark_safe_to_suspend   710400d0 f   instrument.c.obj
 0001:0003f100       _dr_mark_trace_head        71040100 f   instrument.c.obj
 0001:0003f1e0       _dr_max_opnd_accessible_spill_slot 710401e0 f   instrument.c.obj
 0001:0003f200       _dr_mcontext_xmm_fields_valid 71040200 f   instrument.c.obj
 0001:0003f210       _dr_mcontext_zmm_fields_valid 71040210 f   instrument.c.obj
 0001:0003f220       _dr_memory_is_dr_internal  71040220 f   instrument.c.obj
 0001:0003f230       _dr_memory_is_in_client    71040230 f   instrument.c.obj
 0001:0003f240       _dr_memory_protect         71040240 f   instrument.c.obj
 0001:0003f2a0       _dr_messagebox             710402a0 f   instrument.c.obj
 0001:0003f380       _dr_modload_hook_exists    71040380 f   instrument.c.obj
 0001:0003f390       _dr_module_contains_addr   71040390 f   instrument.c.obj
 0001:0003f3b0       _dr_module_iterator_hasnext 710403b0 f   instrument.c.obj
 0001:0003f3b0       _ksynch_var_initialized    710403b0 f   os.c.obj
 0001:0003f3c0       _dr_module_iterator_next   710403c0 f   instrument.c.obj
 0001:0003f3e0       _dr_module_iterator_start  710403e0 f   instrument.c.obj
 0001:0003f4a0       _dr_module_iterator_stop   710404a0 f   instrument.c.obj
 0001:0003f530       _dr_module_preferred_name  71040530 f   instrument.c.obj
 0001:0003f560       _dr_module_set_should_instrument 71040560 f   instrument.c.obj
 0001:0003f5b0       _dr_module_should_instrument 710405b0 f   instrument.c.obj
 0001:0003f5e0       _dr_mutex_create           710405e0 f   instrument.c.obj
 0001:0003f610       _dr_mutex_destroy          71040610 f   instrument.c.obj
 0001:0003f630       _dr_mutex_lock             71040630 f   instrument.c.obj
 0001:0003f690       _dr_recurlock_mark_as_app  71040690 f   instrument.c.obj
 0001:0003f690       _dr_rwlock_mark_as_app     71040690 f   instrument.c.obj
 0001:0003f690       _dr_mutex_mark_as_app      71040690 f   instrument.c.obj
 0001:0003f6a0       _dr_mutex_trylock          710406a0 f   instrument.c.obj
 0001:0003f710       _dr_mutex_unlock           71040710 f   instrument.c.obj
 0001:0003f750       _dr_nonheap_alloc          71040750 f   instrument.c.obj
 0001:0003f770       _dr_nonheap_free           71040770 f   instrument.c.obj
 0001:0003f790       _dr_nudge_client           71040790 f   instrument.c.obj
 0001:0003f7c0       _dr_nudge_client_ex        710407c0 f   instrument.c.obj
 0001:0003f860       _dr_open_file              71040860 f   instrument.c.obj
 0001:0003f8b0       _dr_page_size              710408b0 f   instrument.c.obj
 0001:0003f8c0       _dr_prepare_for_call       710408c0 f   instrument.c.obj
 0001:0003f8e0       _dr_prepopulate_cache      710408e0 f   instrument.c.obj
 0001:0003f9c0       _dr_prepopulate_indirect_targets 710409c0 f   instrument.c.obj
 0001:0003fa30       _dr_print_instr            71040a30 f   instrument.c.obj
 0001:0003fa70       _dr_print_opnd             71040a70 f   instrument.c.obj
 0001:0003fac0       _dr_printf                 71040ac0 f   instrument.c.obj
 0001:0003faf0       _dr_query_memory           71040af0 f   instrument.c.obj
 0001:0003fb40       _dr_query_memory_ex        71040b40 f   instrument.c.obj
 0001:0003fb70       _dr_raw_mem_alloc          71040b70 f   instrument.c.obj
 0001:0003fb90       _dr_raw_mem_free           71040b90 f   instrument.c.obj
 0001:0003fbb0       _dr_raw_tls_calloc         71040bb0 f   instrument.c.obj
 0001:0003fbe0       _dr_raw_tls_cfree          71040be0 f   instrument.c.obj
 0001:0003fc00       _dr_raw_tls_opnd           71040c00 f   instrument.c.obj
 0001:0003fc40       _dr_read_file              71040c40 f   instrument.c.obj
 0001:0003fc50       _dr_read_saved_reg         71040c50 f   instrument.c.obj
 0001:0003fca0       _dr_recurlock_create       71040ca0 f   instrument.c.obj
 0001:0003fce0       _dr_recurlock_destroy      71040ce0 f   instrument.c.obj
 0001:0003fd00       _dr_recurlock_lock         71040d00 f   instrument.c.obj
 0001:0003fd10       _dr_recurlock_self_owns    71040d10 f   instrument.c.obj
 0001:0003fd20       _dr_recurlock_trylock      71040d20 f   instrument.c.obj
 0001:0003fd30       _dr_recurlock_unlock       71040d30 f   instrument.c.obj
 0001:0003fd40       _dr_redirect_execution     71040d40 f   instrument.c.obj
 0001:0003fe20       _dr_redirect_native_target 71040e20 f   instrument.c.obj
 0001:0003fe30       _dr_reg_spill_slot_opnd    71040e30 f   instrument.c.obj
 0001:0003fea0       _dr_register_bb_event      71040ea0 f   instrument.c.obj
 0001:0003fec0       _dr_register_delete_event  71040ec0 f   instrument.c.obj
 0001:0003fee0       _dr_register_end_trace_event 71040ee0 f   instrument.c.obj
 0001:0003ff00       _dr_register_exception_event 71040f00 f   instrument.c.obj
 0001:0003ff20       _dr_register_exit_event    71040f20 f   instrument.c.obj
 0001:0003ff40       _dr_register_filter_syscall_event 71040f40 f   instrument.c.obj
 0001:0003ff60       _dr_register_kernel_xfer_event 71040f60 f   instrument.c.obj
 0001:0003ff80       _dr_register_low_on_memory_event 71040f80 f   instrument.c.obj
 0001:0003ffa0       _dr_register_module_load_event 71040fa0 f   instrument.c.obj
 0001:0003ffc0       _dr_register_module_unload_event 71040fc0 f   instrument.c.obj
 0001:0003ffe0       _dr_register_nudge_event   71040fe0 f   instrument.c.obj
 0001:000400b0       _dr_register_persist_patch 710410b0 f   instrument.c.obj
 0001:000400d0       _dr_register_persist_ro    710410d0 f   instrument.c.obj
 0001:00040120       _dr_register_persist_rw    71041120 f   instrument.c.obj
 0001:00040170       _dr_register_persist_rx    71041170 f   instrument.c.obj
 0001:000401c0       _dr_register_post_syscall_event 710411c0 f   instrument.c.obj
 0001:000401e0       _dr_register_pre_syscall_event 710411e0 f   instrument.c.obj
 0001:00040200       _dr_register_restore_state_event 71041200 f   instrument.c.obj
 0001:00040220       _dr_register_restore_state_ex_event 71041220 f   instrument.c.obj
 0001:00040240       _dr_register_thread_exit_event 71041240 f   instrument.c.obj
 0001:00040260       _dr_register_thread_init_event 71041260 f   instrument.c.obj
 0001:00040280       _dr_register_trace_event   71041280 f   instrument.c.obj
 0001:000402a0       _dr_rename_file            710412a0 f   instrument.c.obj
 0001:000402b0       _dr_replace_fragment       710412b0 f   instrument.c.obj
 0001:000403c0       _dr_restore_app_stack      710413c0 f   instrument.c.obj
 0001:00040420       _dr_restore_arith_flags    71041420 f   instrument.c.obj
 0001:00040450       _dr_restore_arith_flags_from_reg 71041450 f   instrument.c.obj
 0001:00040520       _dr_restore_arith_flags_from_xax 71041520 f   instrument.c.obj
 0001:00040540       _dr_restore_reg            71041540 f   instrument.c.obj
 0001:00040640       _dr_resume_all_other_threads 71041640 f   instrument.c.obj
 0001:000406d0       _dr_retakeover_suspended_native_thread 710416d0 f   instrument.c.obj
 0001:00040a20       _dr_rwlock_create          71041a20 f   instrument.c.obj
 0001:00040a80       _dr_rwlock_destroy         71041a80 f   instrument.c.obj
 0001:00040aa0       _dr_rwlock_read_lock       71041aa0 f   instrument.c.obj
 0001:00040ab0       _dr_rwlock_read_unlock     71041ab0 f   instrument.c.obj
 0001:00040ac0       _dr_rwlock_self_owns_write_lock 71041ac0 f   instrument.c.obj
 0001:00040ad0       _dr_rwlock_write_lock      71041ad0 f   instrument.c.obj
 0001:00040ae0       _dr_rwlock_write_trylock   71041ae0 f   instrument.c.obj
 0001:00040af0       _dr_rwlock_write_unlock    71041af0 f   instrument.c.obj
 0001:00040b00       _dr_safe_read              71041b00 f   instrument.c.obj
 0001:00040b10       _dr_safe_write             71041b10 f   instrument.c.obj
 0001:00040b20       _dr_save_arith_flags       71041b20 f   instrument.c.obj
 0001:00040b50       _dr_save_arith_flags_to_reg 71041b50 f   instrument.c.obj
 0001:00040be0       _dr_save_arith_flags_to_xax 71041be0 f   instrument.c.obj
 0001:00040c00       _dr_save_reg               71041c00 f   instrument.c.obj
 0001:00040d50       _dr_set_client_name        71041d50 f   instrument.c.obj
 0001:00040d70       _dr_set_client_version_string 71041d70 f   instrument.c.obj
 0001:00040d90       _dr_set_mcontext           71041d90 f   instrument.c.obj
 0001:00040e30       _dr_set_process_exit_behavior 71041e30 f   instrument.c.obj
 0001:00040e90       _dr_set_random_seed        71041e90 f   instrument.c.obj
 0001:00040ea0       _dr_set_tls_field          71041ea0 f   instrument.c.obj
 0001:00040ec0       _dr_sleep                  71041ec0 f   instrument.c.obj
 0001:00040f30       _dr_snprintf               71041f30 f   instrument.c.obj
 0001:00040f30       _d_r_snprintf              71041f30 f   io.c.obj
 0001:00040f50       _d_r_snprintf_wide         71041f50 f   io.c.obj
 0001:00040f50       _dr_snwprintf              71041f50 f   instrument.c.obj
 0001:00040f70       _dr_sscanf                 71041f70 f   instrument.c.obj
 0001:00040f70       _d_r_sscanf                71041f70 f   io.c.obj
 0001:00040f90       _dr_standalone_exit        71041f90 f   instrument.c.obj
 0001:00040fa0       _dr_standalone_init        71041fa0 f   instrument.c.obj
 0001:00040fb0       _dr_suspend_all_other_threads 71041fb0 f   instrument.c.obj
 0001:00040fd0       _dr_suspend_all_other_threads_ex 71041fd0 f   instrument.c.obj
 0001:000410f0       _dr_swap_to_clean_stack    710420f0 f   instrument.c.obj
 0001:000411a0       _dr_switch_to_app_state    710421a0 f   instrument.c.obj
 0001:000411c0       _dr_switch_to_app_state_ex 710421c0 f   instrument.c.obj
 0001:000411e0       _dr_switch_to_dr_state     710421e0 f   instrument.c.obj
 0001:00041200       _dr_switch_to_dr_state_ex  71042200 f   instrument.c.obj
 0001:00041220       _dr_thread_alloc           71042220 f   instrument.c.obj
 0001:00041230       _dr_thread_exit_hook_exists 71042230 f   instrument.c.obj
 0001:00041240       _dr_thread_free            71042240 f   instrument.c.obj
 0001:00041250       _dr_thread_yield           71042250 f   instrument.c.obj
 0001:000412b0       _dr_trace_exists_at        710422b0 f   instrument.c.obj
 0001:00041300       _dr_trace_head_at          71042300 f   instrument.c.obj
 0001:00041360       _dr_trace_hook_exists      71042360 f   instrument.c.obj
 0001:00041370       _dr_track_where_am_i       71042370 f   instrument.c.obj
 0001:00041380       _dr_try_setup              71042380 f   instrument.c.obj
 0001:000413b0       _dr_try_stop               710423b0 f   instrument.c.obj
 0001:000413e0       _dr_unlink_flush_region    710423e0 f   instrument.c.obj
 0001:00041430       _dr_unload_aux_library     71042430 f   instrument.c.obj
 0001:00041500       _dr_unload_aux_x64_library 71042500 f   instrument.c.obj
 0001:00041530       _dr_unmap_executable_file  71042530 f   instrument.c.obj
 0001:00041540       _dr_unmap_file             71042540 f   instrument.c.obj
 0001:000415c0       _dr_unregister_bb_event    710425c0 f   instrument.c.obj
 0001:000415e0       _dr_unregister_delete_event 710425e0 f   instrument.c.obj
 0001:00041600       _dr_unregister_end_trace_event 71042600 f   instrument.c.obj
 0001:00041620       _dr_unregister_exception_event 71042620 f   instrument.c.obj
 0001:00041640       _dr_unregister_exit_event  71042640 f   instrument.c.obj
 0001:00041660       _dr_unregister_filter_syscall_event 71042660 f   instrument.c.obj
 0001:00041680       _dr_unregister_kernel_xfer_event 71042680 f   instrument.c.obj
 0001:000416a0       _dr_unregister_low_on_memory_event 710426a0 f   instrument.c.obj
 0001:000416c0       _dr_unregister_module_load_event 710426c0 f   instrument.c.obj
 0001:000416e0       _dr_unregister_module_unload_event 710426e0 f   instrument.c.obj
 0001:00041700       _dr_unregister_nudge_event 71042700 f   instrument.c.obj
 0001:000417a0       _dr_unregister_persist_patch 710427a0 f   instrument.c.obj
 0001:000417c0       _dr_unregister_persist_ro  710427c0 f   instrument.c.obj
 0001:00041830       _dr_unregister_persist_rw  71042830 f   instrument.c.obj
 0001:000418a0       _dr_unregister_persist_rx  710428a0 f   instrument.c.obj
 0001:00041910       _dr_unregister_post_syscall_event 71042910 f   instrument.c.obj
 0001:00041930       _dr_unregister_pre_syscall_event 71042930 f   instrument.c.obj
 0001:00041950       _dr_unregister_restore_state_event 71042950 f   instrument.c.obj
 0001:00041970       _dr_unregister_restore_state_ex_event 71042970 f   instrument.c.obj
 0001:00041990       _dr_unregister_thread_exit_event 71042990 f   instrument.c.obj
 0001:000419b0       _dr_unregister_thread_init_event 710429b0 f   instrument.c.obj
 0001:000419d0       _dr_unregister_trace_event 710429d0 f   instrument.c.obj
 0001:000419f0       _dr_using_all_private_caches 710429f0 f   instrument.c.obj
 0001:00041a10       _dr_using_app_state        71042a10 f   instrument.c.obj
 0001:00041a20       _dr_using_console          71042a20 f   instrument.c.obj
 0001:00041ab0       _dr_vfprintf               71042ab0 f   instrument.c.obj
 0001:00041b10       _dr_vsnprintf              71042b10 f   instrument.c.obj
 0001:00041b20       _dr_vsnwprintf             71042b20 f   instrument.c.obj
 0001:00041b30       _dr_where_am_i             71042b30 f   instrument.c.obj
 0001:00041b70       _dr_write_file             71042b70 f   instrument.c.obj
 0001:00041bd0       _dr_write_saved_reg        71042bd0 f   instrument.c.obj
 0001:00041d10       _dr_xl8_hook_exists        71042d10 f   instrument.c.obj
 0001:00042350       _get_client_path_from_addr 71043350 f   instrument.c.obj
 0001:00042390       _get_num_client_threads    71043390 f   instrument.c.obj
 0001:000423a0       _hide_tag_from_client      710433a0 f   instrument.c.obj
 0001:00042460       _instrlist_meta_fault_append 71043460 f   instrument.c.obj
 0001:00042480       _instrlist_meta_fault_postinsert 71043480 f   instrument.c.obj
 0001:000424a0       _instrlist_meta_fault_preinsert 710434a0 f   instrument.c.obj
[...]
      587    _instr_writes_to_exact_reg
               exported name: instr_writes_to_exact_reg
      588    _instr_writes_to_reg
               exported name: instr_writes_to_reg
      589    _instr_zeroes_ymmh
               exported name: instr_zeroes_ymmh
      590    _instrlist_append
               exported name: instrlist_append
      591    _instrlist_clear
               exported name: instrlist_clear
      592    _instrlist_clear_and_destroy
               exported name: instrlist_clear_and_destroy
      593    _instrlist_clone
               exported name: instrlist_clone
      594    _instrlist_create
               exported name: instrlist_create
      595    _instrlist_destroy
               exported name: instrlist_destroy
      596    _instrlist_disassemble
               exported name: instrlist_disassemble
      597    _instrlist_encode
               exported name: instrlist_encode
      598    _instrlist_encode_to_copy
               exported name: instrlist_encode_to_copy
      599    _instrlist_first
               exported name: instrlist_first
      600    _instrlist_first_app
               exported name: instrlist_first_app
      601    _instrlist_first_nonlabel
               exported name: instrlist_first_nonlabel
      602    _instrlist_get_auto_predicate
               exported name: instrlist_get_auto_predicate
      603    _instrlist_get_translation_target
               exported name: instrlist_get_translation_target
      604    _instrlist_init
               exported name: instrlist_init
      605    _instrlist_insert_mov_immed_ptrsz
               exported name: instrlist_insert_mov_immed_ptrsz
      606    _instrlist_insert_mov_instr_addr
               exported name: instrlist_insert_mov_instr_addr
      607    _instrlist_insert_push_immed_ptrsz
               exported name: instrlist_insert_push_immed_ptrsz
      608    _instrlist_insert_push_instr_addr
               exported name: instrlist_insert_push_instr_addr
      609    _instrlist_last
               exported name: instrlist_last
      610    _instrlist_last_app
               exported name: instrlist_last_app
      611    _instrlist_meta_append
               exported name: instrlist_meta_append
      612    _instrlist_meta_fault_append
               exported name: instrlist_meta_fault_append
      613    _instrlist_meta_fault_postinsert
               exported name: instrlist_meta_fault_postinsert
      614    _instrlist_meta_fault_preinsert
               exported name: instrlist_meta_fault_preinsert
      615    _instrlist_meta_postinsert
               exported name: instrlist_meta_postinsert
      616    _instrlist_meta_preinsert
               exported name: instrlist_meta_preinsert
      617    _instrlist_postinsert
               exported name: instrlist_postinsert
      618    _instrlist_preinsert
               exported name: instrlist_preinsert
      619    _instrlist_prepend
               exported name: instrlist_prepend
      620    _instrlist_remove
               exported name: instrlist_remove
      621    _instrlist_replace
               exported name: instrlist_replace
      622    _instrlist_set_auto_predicate
               exported name: instrlist_set_auto_predicate
      623    _instrlist_set_fall_through_target
               exported name: instrlist_set_fall_through_target
      624    _instrlist_set_return_target
               exported name: instrlist_set_return_target
      625    _instrlist_set_translation_target
               exported name: instrlist_set_translation_target
      626    Forwarded to NTDLL.isalnum
               exported name: isalnum
      627    Forwarded to NTDLL.isalpha
               exported name: isalpha
      628    Forwarded to NTDLL.iscntrl
               exported name: iscntrl
      629    Forwarded to NTDLL.isdigit
               exported name: isdigit
      630    Forwarded to NTDLL.isgraph
               exported name: isgraph
      631    Forwarded to NTDLL.islower
               exported name: islower
      632    Forwarded to NTDLL.isprint
               exported name: isprint
      633    Forwarded to NTDLL.ispunct
               exported name: ispunct
      634    Forwarded to NTDLL.isspace
               exported name: isspace
      635    Forwarded to NTDLL.isupper
               exported name: isupper
      636    Forwarded to NTDLL.iswalpha
               exported name: iswalpha
      637    Forwarded to NTDLL.iswctype
               exported name: iswctype
      638    Forwarded to NTDLL.iswdigit
               exported name: iswdigit
      639    Forwarded to NTDLL.iswlower
               exported name: iswlower
      640    Forwarded to NTDLL.iswspace
               exported name: iswspace
      641    Forwarded to NTDLL.iswxdigit
               exported name: iswxdigit
      642    Forwarded to NTDLL.isxdigit
               exported name: isxdigit
      643    Forwarded to NTDLL.labs
               exported name: labs
      644    Forwarded to NTDLL.log
               exported name: log
      645    Forwarded to NTDLL.mbstowcs
               exported name: mbstowcs
      646    Forwarded to NTDLL.memchr
               exported name: memchr
      647    Forwarded to NTDLL.memcmp
               exported name: memcmp
      648    Forwarded to NTDLL.memcpy
               exported name: memcpy
      649    Forwarded to NTDLL.memmove
               exported name: memmove
      650    Forwarded to NTDLL.memset
               exported name: memset
      651    _opnd_add_flags
               exported name: opnd_add_flags
      652    _opnd_compute_address
               exported name: opnd_compute_address
      653    _opnd_create_abs_addr
               exported name: opnd_create_abs_addr
      654    _opnd_create_base_disp
               exported name: opnd_create_base_disp
      655    _opnd_create_base_disp_ex
               exported name: opnd_create_base_disp_ex
      656    _opnd_create_far_abs_addr
               exported name: opnd_create_far_abs_addr
      657    _opnd_create_far_base_disp
               exported name: opnd_create_far_base_disp
      658    _opnd_create_far_base_disp_ex
               exported name: opnd_create_far_base_disp_ex
      659    _opnd_create_far_instr
               exported name: opnd_create_far_instr
      660    _opnd_create_far_pc
               exported name: opnd_create_far_pc
      661    _opnd_create_immed_float
               exported name: opnd_create_immed_float
      662    _opnd_create_immed_int
               exported name: opnd_create_immed_int
      663    _opnd_create_immed_int64
               exported name: opnd_create_immed_int64
      664    _opnd_create_immed_uint
               exported name: opnd_create_immed_uint
      665    _opnd_create_instr
               exported name: opnd_create_instr
      666    _opnd_create_instr_ex
               exported name: opnd_create_instr_ex
      667    _opnd_create_mem_instr
               exported name: opnd_create_mem_instr
      668    _opnd_create_null
               exported name: opnd_create_null
      669    _opnd_create_pc
               exported name: opnd_create_pc
      670    _opnd_create_reg
               exported name: opnd_create_reg
      671    _opnd_create_reg_ex
               exported name: opnd_create_reg_ex
      672    _opnd_create_reg_partial
               exported name: opnd_create_reg_partial
      673    _opnd_defines_use
               exported name: opnd_defines_use
      674    _opnd_disassemble
               exported name: opnd_disassemble
      675    _opnd_disassemble_to_buffer
               exported name: opnd_disassemble_to_buffer
      676    _opnd_get_addr
               exported name: opnd_get_addr
      677    _opnd_get_base
               exported name: opnd_get_base
      678    _opnd_get_disp
               exported name: opnd_get_disp
      679    _opnd_get_flags
               exported name: opnd_get_flags
      680    _opnd_get_immed_float
               exported name: opnd_get_immed_float
      681    _opnd_get_immed_int
               exported name: opnd_get_immed_int
      682    _opnd_get_immed_int64
               exported name: opnd_get_immed_int64
      683    _opnd_get_index
               exported name: opnd_get_index
      684    _opnd_get_instr
               exported name: opnd_get_instr
      685    _opnd_get_mem_instr_disp
               exported name: opnd_get_mem_instr_disp
      686    _opnd_get_pc
               exported name: opnd_get_pc
      687    _opnd_get_reg
               exported name: opnd_get_reg
      688    _opnd_get_reg_used
               exported name: opnd_get_reg_used
      689    _opnd_get_scale
               exported name: opnd_get_scale
      690    _opnd_get_segment
               exported name: opnd_get_segment
      691    _opnd_get_segment_selector
               exported name: opnd_get_segment_selector
      692    _opnd_get_shift
               exported name: opnd_get_shift
      693    _opnd_get_size
               exported name: opnd_get_size
      694    _opnd_is_abs_addr
               exported name: opnd_is_abs_addr
      695    _opnd_is_base_disp
               exported name: opnd_is_base_disp
      696    _opnd_is_disp_encode_zero
               exported name: opnd_is_disp_encode_zero
      697    _opnd_is_disp_force_full
               exported name: opnd_is_disp_force_full
      698    _opnd_is_disp_short_addr
               exported name: opnd_is_disp_short_addr
      699    _opnd_is_far_abs_addr
               exported name: opnd_is_far_abs_addr
      700    _opnd_is_far_base_disp
               exported name: opnd_is_far_base_disp
      701    _opnd_is_far_instr
               exported name: opnd_is_far_instr
      702    _opnd_is_far_memory_reference
               exported name: opnd_is_far_memory_reference
      703    _opnd_is_far_pc
               exported name: opnd_is_far_pc
      704    _opnd_is_immed
               exported name: opnd_is_immed
      705    _opnd_is_immed_float
               exported name: opnd_is_immed_float
      706    _opnd_is_immed_int
               exported name: opnd_is_immed_int
      707    _opnd_is_immed_int64
               exported name: opnd_is_immed_int64
      708    _opnd_is_instr
               exported name: opnd_is_instr
      709    _opnd_is_mem_instr
               exported name: opnd_is_mem_instr
      710    _opnd_is_memory_reference
               exported name: opnd_is_memory_reference
      711    _opnd_is_near_abs_addr
               exported name: opnd_is_near_abs_addr
      712    _opnd_is_near_base_disp
               exported name: opnd_is_near_base_disp
      713    _opnd_is_near_instr
               exported name: opnd_is_near_instr
      714    _opnd_is_near_memory_reference
               exported name: opnd_is_near_memory_reference
      715    _opnd_is_near_pc
               exported name: opnd_is_near_pc
      716    _opnd_is_null
               exported name: opnd_is_null
      717    _opnd_is_pc
               exported name: opnd_is_pc
      718    _opnd_is_reg
               exported name: opnd_is_reg
      719    _opnd_is_reg_32bit
               exported name: opnd_is_reg_32bit
      720    _opnd_is_reg_64bit
               exported name: opnd_is_reg_64bit
      721    _opnd_is_reg_partial
               exported name: opnd_is_reg_partial
      722    _opnd_is_reg_pointer_sized
               exported name: opnd_is_reg_pointer_sized
      723    _opnd_is_vsib
               exported name: opnd_is_vsib
      724    _opnd_num_regs_used
               exported name: opnd_num_regs_used
      725    _opnd_replace_reg
               exported name: opnd_replace_reg
      726    _opnd_same
               exported name: opnd_same
      727    _opnd_same_address
               exported name: opnd_same_address
      728    _opnd_set_disp
               exported name: opnd_set_disp
      729    _opnd_set_disp_ex
               exported name: opnd_set_disp_ex
      730    _opnd_set_flags
               exported name: opnd_set_flags
      731    _opnd_set_size
               exported name: opnd_set_size
      732    _opnd_share_reg
               exported name: opnd_share_reg
      733    _opnd_shrink_to_16_bits
               exported name: opnd_shrink_to_16_bits
      734    _opnd_size_from_bytes
               exported name: opnd_size_from_bytes
      735    _opnd_size_in_bits
               exported name: opnd_size_in_bits
      736    _opnd_size_in_bytes
               exported name: opnd_size_in_bytes
      737    _opnd_uses_reg
               exported name: opnd_uses_reg
      738    Forwarded to NTDLL.pow
               exported name: pow
      739    _proc_avx512_enabled
               exported name: proc_avx512_enabled
      740    _proc_avx_enabled
               exported name: proc_avx_enabled
      741    _proc_bump_to_end_of_cache_line
               exported name: proc_bump_to_end_of_cache_line
      742    _proc_fpstate_save_size
               exported name: proc_fpstate_save_size
      743    _proc_get_L1_dcache_size
               exported name: proc_get_L1_dcache_size
      744    _proc_get_L1_icache_size
               exported name: proc_get_L1_icache_size
      745    _proc_get_L2_cache_size
               exported name: proc_get_L2_cache_size
      746    _proc_get_all_feature_bits
               exported name: proc_get_all_feature_bits
      747    _proc_get_brand_string
               exported name: proc_get_brand_string
      748    _proc_get_cache_line_size
               exported name: proc_get_cache_line_size
      749    _proc_get_cache_size_str
               exported name: proc_get_cache_size_str
      750    _proc_get_containing_page
               exported name: proc_get_containing_page
      751    _proc_get_family
               exported name: proc_get_family
      752    _proc_get_model
               exported name: proc_get_model
      753    _proc_get_stepping
               exported name: proc_get_stepping
      754    _proc_get_type
               exported name: proc_get_type
      755    _proc_get_vendor
               exported name: proc_get_vendor
      756    _proc_has_feature
               exported name: proc_has_feature
      757    _proc_is_cache_aligned
               exported name: proc_is_cache_aligned
      758    _proc_num_opmask_registers
               exported name: proc_num_opmask_registers
      759    _proc_num_simd_registers
               exported name: proc_num_simd_registers
      760    _proc_num_simd_saved
               exported name: proc_num_simd_saved
      761    _proc_restore_fpstate
               exported name: proc_restore_fpstate
      762    _proc_save_fpstate
               exported name: proc_save_fpstate
      763    _proc_set_vendor
               exported name: proc_set_vendor
      764    Forwarded to NTDLL.qsort
               exported name: qsort
      765    _reg_32_to_16
               exported name: reg_32_to_16
      766    _reg_32_to_8
               exported name: reg_32_to_8
      767    _reg_32_to_opsz
               exported name: reg_32_to_opsz
      768    _reg_get_bits
               exported name: reg_get_bits
      769    _reg_get_size
               exported name: reg_get_size
      770    _reg_get_value
               exported name: reg_get_value
      771    _reg_get_value_ex
               exported name: reg_get_value_ex
      772    _reg_is_32bit
               exported name: reg_is_32bit
      773    _reg_is_64bit
               exported name: reg_is_64bit
      774    _reg_is_bnd
               exported name: reg_is_bnd
      775    _reg_is_fp
               exported name: reg_is_fp
      776    _reg_is_gpr
               exported name: reg_is_gpr
      777    _reg_is_mmx
               exported name: reg_is_mmx
      778    _reg_is_opmask
               exported name: reg_is_opmask
      779    _reg_is_pointer_sized
               exported name: reg_is_pointer_sized
      780    _reg_is_segment
               exported name: reg_is_segment
      781    _reg_is_simd
               exported name: reg_is_simd
      782    _reg_is_stolen
               exported name: reg_is_stolen
      783    _reg_is_strictly_xmm
               exported name: reg_is_strictly_xmm
      784    _reg_is_strictly_ymm
               exported name: reg_is_strictly_ymm
      785    _reg_is_strictly_zmm
               exported name: reg_is_strictly_zmm
      786    _reg_is_vector_simd
               exported name: reg_is_vector_simd
      787    _reg_is_xmm
               exported name: reg_is_xmm
      788    _reg_is_ymm
               exported name: reg_is_ymm
      789    _reg_overlap
               exported name: reg_overlap
      790    _reg_parameter_num
               exported name: reg_parameter_num
      791    _reg_resize_to_opsz
               exported name: reg_resize_to_opsz
      792    _reg_set_value
               exported name: reg_set_value
      793    _reg_set_value_ex
               exported name: reg_set_value_ex
      794    _reg_to_pointer_sized
               exported name: reg_to_pointer_sized
      795    Forwarded to NTDLL.sin
               exported name: sin
      796    Forwarded to NTDLL.sqrt
               exported name: sqrt
      797    Forwarded to NTDLL.strchr
               exported name: strchr
      798    Forwarded to NTDLL.strcmp
               exported name: strcmp
      799    Forwarded to NTDLL.strcspn
               exported name: strcspn
      800    Forwarded to NTDLL.strlen
               exported name: strlen
      801    Forwarded to NTDLL.strncat
               exported name: strncat
      802    Forwarded to NTDLL.strncmp
               exported name: strncmp
      803    Forwarded to NTDLL.strncpy
               exported name: strncpy
      804    Forwarded to NTDLL.strpbrk
               exported name: strpbrk
      805    Forwarded to NTDLL.strrchr
               exported name: strrchr
      806    Forwarded to NTDLL.strspn
               exported name: strspn
      807    Forwarded to NTDLL.strstr
               exported name: strstr
      808    Forwarded to NTDLL.strtol
               exported name: strtol
      809    Forwarded to NTDLL.strtoul
               exported name: strtoul
      810    Forwarded to NTDLL.tan
               exported name: tan
      811    Forwarded to NTDLL.tolower
               exported name: tolower
      812    Forwarded to NTDLL.toupper
               exported name: toupper
      813    Forwarded to NTDLL.towlower
               exported name: towlower
      814    Forwarded to NTDLL.towupper
               exported name: towupper
      815    _unique_build_number
               exported name: unique_build_number
      816    Forwarded to NTDLL.wcscat
               exported name: wcscat
      817    Forwarded to NTDLL.wcschr
               exported name: wcschr
      818    Forwarded to NTDLL.wcscmp
               exported name: wcscmp
      819    Forwarded to NTDLL.wcscpy
               exported name: wcscpy
      820    Forwarded to NTDLL.wcscspn
               exported name: wcscspn
      821    Forwarded to NTDLL.wcslen
               exported name: wcslen
      822    Forwarded to NTDLL.wcsncat
               exported name: wcsncat
      823    Forwarded to NTDLL.wcsncmp
               exported name: wcsncmp
      824    Forwarded to NTDLL.wcsncpy
               exported name: wcsncpy
      825    Forwarded to NTDLL.wcspbrk
               exported name: wcspbrk
      826    Forwarded to NTDLL.wcsrchr
               exported name: wcsrchr
      827    Forwarded to NTDLL.wcsspn
               exported name: wcsspn
      828    Forwarded to NTDLL.wcsstr
               exported name: wcsstr
      829    Forwarded to NTDLL.wcstol
               exported name: wcstol
      830    Forwarded to NTDLL.wcstombs
               exported name: wcstombs
      831    Forwarded to NTDLL.wcstoul
               exported name: wcstoul
